******************************************************************************
             TMS320C2000 Linker PC v22.6.1                     
******************************************************************************
>> Linked Wed Mar  5 20:56:27 2025

OUTPUT FILE NAME:   <Example_2806x30kw_ac_dc.out>
ENTRY POINT SYMBOL: "code_start"  address: 003f7ff6


MEMORY CONFIGURATION

         name            origin    length      used     unused   attr    fill
----------------------  --------  ---------  --------  --------  ----  --------
PAGE 0:
  RAML0                 00008000   00000800  0000040f  000003f1  RWIX
  RAML1                 00008800   00000400  00000000  00000400  RWIX
  RAML3                 00009000   00001000  00000000  00001000  RWIX
  OTP                   003d7800   00000400  00000000  00000400  RWIX
  FLASHH                003d8000   00004000  00000000  00004000  RWIX
  FLASHG                003dc000   00004000  00000000  00004000  RWIX
  FLASHF                003e0000   00004000  00000000  00004000  RWIX
  FLASHE                003e4000   00004000  00000000  00004000  RWIX
  FLASHD                003e8000   00004000  0000040f  00003bf1  RWIX
  FLASHC                003ec000   00004000  00000000  00004000  RWIX
  FLASHA                003f4000   00003f80  00001cdf  000022a1  RWIX
  CSM_RSVD              003f7f80   00000076  00000000  00000076  RWIX
  BEGIN                 003f7ff6   00000002  00000002  00000000  RWIX
  CSM_PWL_P0            003f7ff8   00000008  00000000  00000008  RWIX
  FPUTABLES             003fd860   000006a0  00000000  000006a0  RWIX
  IQTABLES              003fdf00   00000b50  00000000  00000b50  RWIX
  IQTABLES2             003fea50   0000008c  00000000  0000008c  RWIX
  IQTABLES3             003feadc   000000aa  00000000  000000aa  RWIX
  ROM                   003ff3b0   00000c10  00000000  00000c10  RWIX
  RESET                 003fffc0   00000002  00000000  00000002  RWIX
  VECTORS               003fffc2   0000003e  00000000  0000003e  RWIX

PAGE 1:
  BOOT_RSVD             00000000   00000050  00000000  00000050  RWIX
  RAMM0                 00000050   000003b0  00000050  00000360  RWIX
  RAMM1                 00000400   00000400  00000000  00000400  RWIX
  DEV_EMU               00000880   00000105  00000004  00000101  RWIX
  SYS_PWR_CTL           00000985   00000003  00000003  00000000  RWIX
  FLASH_REGS            00000a80   00000060  00000008  00000058  RWIX
  CSM                   00000ae0   00000020  00000010  00000010  RWIX
  ADC_RESULT            00000b00   00000020  00000010  00000010  RWIX
  CPU_TIMER0            00000c00   00000008  00000008  00000000  RWIX
  CPU_TIMER1            00000c08   00000008  00000008  00000000  RWIX
  CPU_TIMER2            00000c10   00000008  00000008  00000000  RWIX
  PIE_CTRL              00000ce0   00000020  0000001a  00000006  RWIX
  PIE_VECT              00000d00   00000100  00000100  00000000  RWIX
  DMA                   00001000   00000200  000000e0  00000120  RWIX
  CLA1                  00001400   00000080  00000040  00000040  RWIX
  CLA1_MSGRAMLOW        00001480   00000080  00000000  00000080  RWIX
  CLA1_MSGRAMHIGH       00001500   00000080  00000000  00000080  RWIX
  USB0                  00004000   00001000  00000454  00000bac  RWIX
  McBSPA                00005000   00000040  00000024  0000001c  RWIX
  ECANA                 00006000   00000040  00000034  0000000c  RWIX
  ECANA_LAM             00006040   00000040  00000040  00000000  RWIX
  ECANA_MOTS            00006080   00000040  00000040  00000000  RWIX
  ECANA_MOTO            000060c0   00000040  00000040  00000000  RWIX
  ECANA_MBOX            00006100   00000100  00000100  00000000  RWIX
  COMP1                 00006400   00000020  00000014  0000000c  RWIX
  COMP2                 00006420   00000020  00000014  0000000c  RWIX
  COMP3                 00006440   00000020  00000014  0000000c  RWIX
  EPWM1                 00006800   00000040  00000040  00000000  RWIX
  EPWM2                 00006840   00000040  00000040  00000000  RWIX
  EPWM3                 00006880   00000040  00000040  00000000  RWIX
  EPWM4                 000068c0   00000040  00000040  00000000  RWIX
  EPWM5                 00006900   00000040  00000040  00000000  RWIX
  EPWM6                 00006940   00000040  00000040  00000000  RWIX
  EPWM7                 00006980   00000040  00000040  00000000  RWIX
  EPWM8                 000069c0   00000040  00000040  00000000  RWIX
  ECAP1                 00006a00   00000020  00000020  00000000  RWIX
  ECAP2                 00006a20   00000020  00000020  00000000  RWIX
  ECAP3                 00006a40   00000020  00000020  00000000  RWIX
  HRCAP1                00006ac0   00000020  00000020  00000000  RWIX
  HRCAP2                00006ae0   00000020  00000020  00000000  RWIX
  EQEP1                 00006b00   00000040  00000022  0000001e  RWIX
  EQEP2                 00006b40   00000040  00000022  0000001e  RWIX
  HRCAP3                00006c80   00000020  00000020  00000000  RWIX
  HRCAP4                00006ca0   00000020  00000020  00000000  RWIX
  GPIOCTRL              00006f80   00000040  00000040  00000000  RWIX
  GPIODAT               00006fc0   00000020  00000020  00000000  RWIX
  GPIOINT               00006fe0   00000020  00000020  00000000  RWIX
  SYSTEM                00007010   00000030  00000030  00000000  RWIX
  SPIA                  00007040   00000010  00000010  00000000  RWIX
  SCIA                  00007050   00000010  00000010  00000000  RWIX
  NMIINTRUPT            00007060   00000010  00000010  00000000  RWIX
  XINTRUPT              00007070   00000010  00000010  00000000  RWIX
  ADC                   00007100   00000080  00000050  00000030  RWIX
  SPIB                  00007740   00000010  00000010  00000000  RWIX
  SCIB                  00007750   00000010  00000010  00000000  RWIX
  I2CA                  00007900   00000040  00000022  0000001e  RWIX
  RAML2                 00008c00   00000400  00000000  00000400  RWIX
  RAML4                 0000a000   00002000  000006c0  00001940  RWIX
  RAML5                 0000c000   00002000  00000000  00002000  RWIX
  RAML6                 0000e000   00002000  00000000  00002000  RWIX
  RAML7                 00010000   00002000  00000000  00002000  RWIX
  RAML8                 00012000   00002000  00000000  00002000  RWIX
  PARTID                003d7e80   00000001  00000001  00000000  RWIX
  FLASHB                003f0000   00004000  00000000  00004000  RWIX
  CSM_PWL               003f7ff8   00000008  00000008  00000000  RWIX


SECTION ALLOCATION MAP

 output                                  attributes/
section   page    origin      length       input sections
--------  ----  ----------  ----------   ----------------
.cinit     0    003f590f    000002c0     
                  003f590f    00000214     sicDCDC35kw.obj (.cinit)
                  003f5b23    0000004c     Terminal.obj (.cinit)
                  003f5b6f    00000020     modbus.obj (.cinit)
                  003f5b8f    0000001b     modbus.obj (.cinit:_xFuncHandlers)
                  003f5baa    0000000e     rts2800_fpu32.lib : exit.c.obj (.cinit)
                  003f5bb8    00000007     sicDCDC35kw.obj (.cinit:_gSciTxBuf)
                  003f5bbf    00000005     rts2800_fpu32.lib : _lock.c.obj (.cinit:__lock)
                  003f5bc4    00000005                       : _lock.c.obj (.cinit:__unlock)
                  003f5bc9    00000004     sicDCDC35kw_setting.obj (.cinit)
                  003f5bcd    00000002     --HOLE-- [fill = 0]

.pinit     0    003f4000    00000000     UNINITIALIZED

Cla1Prog   0    00009000    00000000     UNINITIALIZED

.text      0    003f4000    0000190f     
                  003f4000    00000617     modbus.obj (.text)
                  003f4617    000004ca     sicDCDC35kw.obj (.text)
                  003f4ae1    0000039b     F2806x_DefaultIsr.obj (.text:retain)
                  003f4e7c    0000025d     sicDCDC35kw_setting.obj (.text)
                  003f50d9    00000237     F2806x_Adc.obj (.text)
                  003f5310    0000018a     F2806x_SysCtrl.obj (.text)
                  003f549a    000000d8     F2806x_EPwm.obj (.text)
                  003f5572    000000af     modbus.obj (.text:retain)
                  003f5621    00000084     F2806x_ECan.obj (.text)
                  003f56a5    00000076     F2806x_CpuTimers.obj (.text)
                  003f571b    00000056     rts2800_fpu32.lib : boot28.asm.obj (.text)
                  003f5771    0000003a     sicDCDC35kw.obj (.text:retain)
                  003f57ab    00000036     F2806x_Spi.obj (.text)
                  003f57e1    0000002c     F2806x_Sci.obj (.text)
                  003f580d    00000029     rts2800_fpu32.lib : exit.c.obj (.text)
                  003f5836    00000028     F2806x_PieCtrl.obj (.text)
                  003f585e    00000026     F2806x_PieVect.obj (.text)
                  003f5884    00000024     rts2800_fpu32.lib : cpy_tbl.c.obj (.text)
                  003f58a8    0000001d                       : memcpy.c.obj (.text)
                  003f58c5    00000019     rts2800_fpu32_fast_supplement_coff.lib : div_f32.obj (.text)
                  003f58de    00000012     rts2800_fpu32.lib : args_main.c.obj (.text)
                  003f58f0    0000000b                       : u_div28.asm.obj (.text)
                  003f58fb    00000009                       : _lock.c.obj (.text)
                  003f5904    00000008     F2806x_CodeStartBranch.obj (.text)
                  003f590c    00000002     rts2800_fpu32.lib : pre_init.c.obj (.text)
                  003f590e    00000001                       : startup.c.obj (.text)

codestart 
*          0    003f7ff6    00000002     
                  003f7ff6    00000002     F2806x_CodeStartBranch.obj (codestart)

ramfuncs   0    003e8000    0000040f     RUN ADDR = 00008000
                  003e8000    000002cf     sicDCDC35kw.obj (ramfuncs:retain)
                  003e82cf    00000121     sicDCDC35kw.obj (ramfuncs)
                  003e83f0    0000001b     F2806x_SysCtrl.obj (ramfuncs)
                  003e840b    00000004     F2806x_usDelay.obj (ramfuncs)

.stack     1    00000050    00000050     UNINITIALIZED
                  00000050    00000050     --HOLE--

.ebss      1    0000a000    000006c0     UNINITIALIZED
                  0000a000    00000284     Terminal.obj (.ebss)
                  0000a284    00000030     modbus.obj (.ebss)
                  0000a2b4    0000000b     sicDCDC35kw.obj (.ebss:_can_rx_fault_cnt)
                  0000a2bf    00000001     sicDCDC35kw_setting.obj (.ebss)
                  0000a2c0    00000114     sicDCDC35kw.obj (.ebss)
                  0000a3d4    00000020     modbus.obj (.ebss:_ucMBSlaveID)
                  0000a3f4    00000006     rts2800_fpu32.lib : exit.c.obj (.ebss)
                  0000a3fa    00000004     sicDCDC35kw.obj (.ebss:_gSciTxBuf)
                  0000a3fe    00000002     rts2800_fpu32.lib : _lock.c.obj (.ebss:__lock)
                  0000a400    00000100     modbus.obj (.ebss:_ucRTUBuf)
                  0000a500    00000074     CANpie.obj (.ebss)
                  0000a574    00000002     rts2800_fpu32.lib : _lock.c.obj (.ebss:__unlock)
                  0000a576    0000000a     --HOLE--
                  0000a580    00000064     modbus.obj (.ebss:_usRegHoldingBuf)
                  0000a5e4    00000018     F2806x_CpuTimers.obj (.ebss)
                  0000a5fc    00000004     --HOLE--
                  0000a600    00000064     modbus.obj (.ebss:_usRegInputBuf)
                  0000a664    0000001c     --HOLE--
                  0000a680    00000040     modbus.obj (.ebss:_xFuncHandlers)

.econst    0    003f5bd0    00000110     
                  003f5bd0    00000100     F2806x_PieVect.obj (.econst:_PieVectTableInit)
                  003f5cd0    0000000d     sicDCDC35kw.obj (.econst:.string)
                  003f5cdd    00000001     --HOLE-- [fill = 0]
                  003f5cde    00000002     Terminal.obj (.econst:.string)

.reset     0    003fffc0    00000002     DSECT
                  003fffc0    00000002     rts2800_fpu32.lib : boot28.asm.obj (.reset)

vectors    0    003fffc2    00000000     DSECT

DevEmuRegsFile 
*          1    00000880    00000004     UNINITIALIZED
                  00000880    00000004     F2806x_GlobalVariableDefs.obj (DevEmuRegsFile)

SysPwrCtrlRegsFile 
*          1    00000985    00000003     UNINITIALIZED
                  00000985    00000003     F2806x_GlobalVariableDefs.obj (SysPwrCtrlRegsFile)

FlashRegsFile 
*          1    00000a80    00000008     UNINITIALIZED
                  00000a80    00000008     F2806x_GlobalVariableDefs.obj (FlashRegsFile)

CsmRegsFile 
*          1    00000ae0    00000010     UNINITIALIZED
                  00000ae0    00000010     F2806x_GlobalVariableDefs.obj (CsmRegsFile)

AdcResultFile 
*          1    00000b00    00000010     UNINITIALIZED
                  00000b00    00000010     F2806x_GlobalVariableDefs.obj (AdcResultFile)

CpuTimer0RegsFile 
*          1    00000c00    00000008     UNINITIALIZED
                  00000c00    00000008     F2806x_GlobalVariableDefs.obj (CpuTimer0RegsFile)

CpuTimer1RegsFile 
*          1    00000c08    00000008     UNINITIALIZED
                  00000c08    00000008     F2806x_GlobalVariableDefs.obj (CpuTimer1RegsFile)

CpuTimer2RegsFile 
*          1    00000c10    00000008     UNINITIALIZED
                  00000c10    00000008     F2806x_GlobalVariableDefs.obj (CpuTimer2RegsFile)

PieCtrlRegsFile 
*          1    00000ce0    0000001a     UNINITIALIZED
                  00000ce0    0000001a     F2806x_GlobalVariableDefs.obj (PieCtrlRegsFile)

PieVectTableFile 
*          1    00000d00    00000100     UNINITIALIZED
                  00000d00    00000100     F2806x_GlobalVariableDefs.obj (PieVectTableFile)

EmuKeyVar 
*          1    00000d00    00000001     UNINITIALIZED
                  00000d00    00000001     F2806x_GlobalVariableDefs.obj (EmuKeyVar)

EmuBModeVar 
*          1    00000d01    00000001     UNINITIALIZED
                  00000d01    00000001     F2806x_GlobalVariableDefs.obj (EmuBModeVar)

FlashCallbackVar 
*          1    00000d02    00000002     UNINITIALIZED
                  00000d02    00000002     F2806x_GlobalVariableDefs.obj (FlashCallbackVar)

FlashScalingVar 
*          1    00000d04    00000002     UNINITIALIZED
                  00000d04    00000002     F2806x_GlobalVariableDefs.obj (FlashScalingVar)

DmaRegsFile 
*          1    00001000    000000e0     UNINITIALIZED
                  00001000    000000e0     F2806x_GlobalVariableDefs.obj (DmaRegsFile)

Cla1RegsFile 
*          1    00001400    00000040     UNINITIALIZED
                  00001400    00000040     F2806x_GlobalVariableDefs.obj (Cla1RegsFile)

Usb0RegsFile 
*          1    00004000    00000454     UNINITIALIZED
                  00004000    00000454     F2806x_GlobalVariableDefs.obj (Usb0RegsFile)

McbspaRegsFile 
*          1    00005000    00000024     UNINITIALIZED
                  00005000    00000024     F2806x_GlobalVariableDefs.obj (McbspaRegsFile)

ECanaRegsFile 
*          1    00006000    00000034     UNINITIALIZED
                  00006000    00000034     F2806x_GlobalVariableDefs.obj (ECanaRegsFile)

ECanaLAMRegsFile 
*          1    00006040    00000040     UNINITIALIZED
                  00006040    00000040     F2806x_GlobalVariableDefs.obj (ECanaLAMRegsFile)

ECanaMOTSRegsFile 
*          1    00006080    00000040     UNINITIALIZED
                  00006080    00000040     F2806x_GlobalVariableDefs.obj (ECanaMOTSRegsFile)

ECanaMOTORegsFile 
*          1    000060c0    00000040     UNINITIALIZED
                  000060c0    00000040     F2806x_GlobalVariableDefs.obj (ECanaMOTORegsFile)

ECanaMboxesFile 
*          1    00006100    00000100     UNINITIALIZED
                  00006100    00000100     F2806x_GlobalVariableDefs.obj (ECanaMboxesFile)

Comp1RegsFile 
*          1    00006400    00000014     UNINITIALIZED
                  00006400    00000014     F2806x_GlobalVariableDefs.obj (Comp1RegsFile)

Comp2RegsFile 
*          1    00006420    00000014     UNINITIALIZED
                  00006420    00000014     F2806x_GlobalVariableDefs.obj (Comp2RegsFile)

Comp3RegsFile 
*          1    00006440    00000014     UNINITIALIZED
                  00006440    00000014     F2806x_GlobalVariableDefs.obj (Comp3RegsFile)

EPwm1RegsFile 
*          1    00006800    00000040     UNINITIALIZED
                  00006800    00000040     F2806x_GlobalVariableDefs.obj (EPwm1RegsFile)

EPwm2RegsFile 
*          1    00006840    00000040     UNINITIALIZED
                  00006840    00000040     F2806x_GlobalVariableDefs.obj (EPwm2RegsFile)

EPwm3RegsFile 
*          1    00006880    00000040     UNINITIALIZED
                  00006880    00000040     F2806x_GlobalVariableDefs.obj (EPwm3RegsFile)

EPwm4RegsFile 
*          1    000068c0    00000040     UNINITIALIZED
                  000068c0    00000040     F2806x_GlobalVariableDefs.obj (EPwm4RegsFile)

EPwm5RegsFile 
*          1    00006900    00000040     UNINITIALIZED
                  00006900    00000040     F2806x_GlobalVariableDefs.obj (EPwm5RegsFile)

EPwm6RegsFile 
*          1    00006940    00000040     UNINITIALIZED
                  00006940    00000040     F2806x_GlobalVariableDefs.obj (EPwm6RegsFile)

EPwm7RegsFile 
*          1    00006980    00000040     UNINITIALIZED
                  00006980    00000040     F2806x_GlobalVariableDefs.obj (EPwm7RegsFile)

EPwm8RegsFile 
*          1    000069c0    00000040     UNINITIALIZED
                  000069c0    00000040     F2806x_GlobalVariableDefs.obj (EPwm8RegsFile)

ECap1RegsFile 
*          1    00006a00    00000020     UNINITIALIZED
                  00006a00    00000020     F2806x_GlobalVariableDefs.obj (ECap1RegsFile)

ECap2RegsFile 
*          1    00006a20    00000020     UNINITIALIZED
                  00006a20    00000020     F2806x_GlobalVariableDefs.obj (ECap2RegsFile)

ECap3RegsFile 
*          1    00006a40    00000020     UNINITIALIZED
                  00006a40    00000020     F2806x_GlobalVariableDefs.obj (ECap3RegsFile)

HRCap1RegsFile 
*          1    00006ac0    00000020     UNINITIALIZED
                  00006ac0    00000020     F2806x_GlobalVariableDefs.obj (HRCap1RegsFile)

HRCap2RegsFile 
*          1    00006ae0    00000020     UNINITIALIZED
                  00006ae0    00000020     F2806x_GlobalVariableDefs.obj (HRCap2RegsFile)

EQep1RegsFile 
*          1    00006b00    00000022     UNINITIALIZED
                  00006b00    00000022     F2806x_GlobalVariableDefs.obj (EQep1RegsFile)

EQep2RegsFile 
*          1    00006b40    00000022     UNINITIALIZED
                  00006b40    00000022     F2806x_GlobalVariableDefs.obj (EQep2RegsFile)

HRCap3RegsFile 
*          1    00006c80    00000020     UNINITIALIZED
                  00006c80    00000020     F2806x_GlobalVariableDefs.obj (HRCap3RegsFile)

HRCap4RegsFile 
*          1    00006ca0    00000020     UNINITIALIZED
                  00006ca0    00000020     F2806x_GlobalVariableDefs.obj (HRCap4RegsFile)

GpioCtrlRegsFile 
*          1    00006f80    00000040     UNINITIALIZED
                  00006f80    00000040     F2806x_GlobalVariableDefs.obj (GpioCtrlRegsFile)

GpioDataRegsFile 
*          1    00006fc0    00000020     UNINITIALIZED
                  00006fc0    00000020     F2806x_GlobalVariableDefs.obj (GpioDataRegsFile)

GpioIntRegsFile 
*          1    00006fe0    00000020     UNINITIALIZED
                  00006fe0    00000020     F2806x_GlobalVariableDefs.obj (GpioIntRegsFile)

SysCtrlRegsFile 
*          1    00007010    00000030     UNINITIALIZED
                  00007010    00000030     F2806x_GlobalVariableDefs.obj (SysCtrlRegsFile)

SpiaRegsFile 
*          1    00007040    00000010     UNINITIALIZED
                  00007040    00000010     F2806x_GlobalVariableDefs.obj (SpiaRegsFile)

SciaRegsFile 
*          1    00007050    00000010     UNINITIALIZED
                  00007050    00000010     F2806x_GlobalVariableDefs.obj (SciaRegsFile)

NmiIntruptRegsFile 
*          1    00007060    00000010     UNINITIALIZED
                  00007060    00000010     F2806x_GlobalVariableDefs.obj (NmiIntruptRegsFile)

XIntruptRegsFile 
*          1    00007070    00000010     UNINITIALIZED
                  00007070    00000010     F2806x_GlobalVariableDefs.obj (XIntruptRegsFile)

AdcRegsFile 
*          1    00007100    00000050     UNINITIALIZED
                  00007100    00000050     F2806x_GlobalVariableDefs.obj (AdcRegsFile)

SpibRegsFile 
*          1    00007740    00000010     UNINITIALIZED
                  00007740    00000010     F2806x_GlobalVariableDefs.obj (SpibRegsFile)

ScibRegsFile 
*          1    00007750    00000010     UNINITIALIZED
                  00007750    00000010     F2806x_GlobalVariableDefs.obj (ScibRegsFile)

I2caRegsFile 
*          1    00007900    00000022     UNINITIALIZED
                  00007900    00000022     F2806x_GlobalVariableDefs.obj (I2caRegsFile)

PartIdRegsFile 
*          1    003d7e80    00000001     UNINITIALIZED
                  003d7e80    00000001     F2806x_GlobalVariableDefs.obj (PartIdRegsFile)

CsmPwlFile 
*          1    003f7ff8    00000008     UNINITIALIZED
                  003f7ff8    00000008     F2806x_GlobalVariableDefs.obj (CsmPwlFile)

MODULE SUMMARY

       Module                          code   initialized data   uninitialized data
       ------                          ----   ----------------   ------------------
    .\
       sicDCDC35kw.obj                 3300   552                291               
       F2806x_GlobalVariableDefs.obj   0      0                  3550              
       modbus.obj                      1734   59                 600               
       F2806x_DefaultIsr.obj           923    0                  0                 
       Terminal.obj                    0      78                 644               
       sicDCDC35kw_setting.obj         605    4                  1                 
       F2806x_Adc.obj                  567    0                  0                 
       F2806x_SysCtrl.obj              448    0                  0                 
       F2806x_PieVect.obj              38     256                0                 
       F2806x_EPwm.obj                 216    0                  0                 
       F2806x_CpuTimers.obj            118    0                  24                
       F2806x_ECan.obj                 132    0                  0                 
       CANpie.obj                      0      0                  116               
       F2806x_Spi.obj                  54     0                  0                 
       F2806x_Sci.obj                  44     0                  0                 
       F2806x_PieCtrl.obj              40     0                  0                 
       F2806x_CodeStartBranch.obj      10     0                  0                 
       F2806x_usDelay.obj              8      0                  0                 
    +--+-------------------------------+------+------------------+--------------------+
       Total:                          8237   949                5226              
                                                                                   
    C:/ti/C2000Ware_5_04_00_00/libraries/math/FPUfastRTS/c28/lib/rts2800_fpu32_fast_supplement_coff.lib
       div_f32.obj                     25     0                  0                 
    +--+-------------------------------+------+------------------+--------------------+
       Total:                          25     0                  0                 
                                                                                   
    C:/ti/ccs1280/ccs/tools/compiler/ti-cgt-c2000_22.6.1.LTS/lib/rts2800_fpu32.lib
       boot28.asm.obj                  86     0                  0                 
       exit.c.obj                      41     14                 6                 
       cpy_tbl.c.obj                   36     0                  0                 
       memcpy.c.obj                    29     0                  0                 
       _lock.c.obj                     9      10                 4                 
       args_main.c.obj                 18     0                  0                 
       u_div28.asm.obj                 11     0                  0                 
       pre_init.c.obj                  2      0                  0                 
       startup.c.obj                   1      0                  0                 
    +--+-------------------------------+------+------------------+--------------------+
       Total:                          233    24                 10                
                                                                                   
       Stack:                          0      0                  80                
    +--+-------------------------------+------+------------------+--------------------+
       Grand Total:                    8495   973                5316              


GLOBAL DATA SYMBOLS: SORTED BY DATA PAGE

address     data page           name
--------    ----------------    ----
00000050       1 (00000040)     __stack

00000880      22 (00000880)     _DevEmuRegs

00000985      26 (00000980)     _SysPwrCtrlRegs

00000a80      2a (00000a80)     _FlashRegs

00000ae0      2b (00000ac0)     _CsmRegs

00000b00      2c (00000b00)     _AdcResult

00000c00      30 (00000c00)     _CpuTimer0Regs
00000c08      30 (00000c00)     _CpuTimer1Regs
00000c10      30 (00000c00)     _CpuTimer2Regs

00000ce0      33 (00000cc0)     _PieCtrlRegs

00000d00      34 (00000d00)     _EmuKey
00000d00      34 (00000d00)     _PieVectTable
00000d01      34 (00000d00)     _EmuBMode
00000d02      34 (00000d00)     _Flash_CallbackPtr
00000d04      34 (00000d00)     _Flash_CPUScaleFactor

00001000      40 (00001000)     _DmaRegs

00001400      50 (00001400)     _Cla1Regs

00004000     100 (00004000)     _Usb0Regs

00005000     140 (00005000)     _McbspaRegs

00006000     180 (00006000)     _ECanaRegs

00006040     181 (00006040)     _ECanaLAMRegs

00006080     182 (00006080)     _ECanaMOTSRegs

000060c0     183 (000060c0)     _ECanaMOTORegs

00006100     184 (00006100)     _ECanaMboxes

00006400     190 (00006400)     _Comp1Regs
00006420     190 (00006400)     _Comp2Regs

00006440     191 (00006440)     _Comp3Regs

00006800     1a0 (00006800)     _EPwm1Regs

00006840     1a1 (00006840)     _EPwm2Regs

00006880     1a2 (00006880)     _EPwm3Regs

000068c0     1a3 (000068c0)     _EPwm4Regs

00006900     1a4 (00006900)     _EPwm5Regs

00006940     1a5 (00006940)     _EPwm6Regs

00006980     1a6 (00006980)     _EPwm7Regs

000069c0     1a7 (000069c0)     _EPwm8Regs

00006a00     1a8 (00006a00)     _ECap1Regs
00006a20     1a8 (00006a00)     _ECap2Regs

00006a40     1a9 (00006a40)     _ECap3Regs

00006ac0     1ab (00006ac0)     _HRCap1Regs
00006ae0     1ab (00006ac0)     _HRCap2Regs

00006b00     1ac (00006b00)     _EQep1Regs

00006b40     1ad (00006b40)     _EQep2Regs

00006c80     1b2 (00006c80)     _HRCap3Regs
00006ca0     1b2 (00006c80)     _HRCap4Regs

00006f80     1be (00006f80)     _GpioCtrlRegs

00006fc0     1bf (00006fc0)     _GpioDataRegs
00006fe0     1bf (00006fc0)     _GpioIntRegs

00007010     1c0 (00007000)     _SysCtrlRegs

00007040     1c1 (00007040)     _SpiaRegs
00007050     1c1 (00007040)     _SciaRegs
00007060     1c1 (00007040)     _NmiIntruptRegs
00007070     1c1 (00007040)     _XIntruptRegs

00007100     1c4 (00007100)     _AdcRegs

00007740     1dd (00007740)     _SpibRegs
00007750     1dd (00007740)     _ScibRegs

00007900     1e4 (00007900)     _I2caRegs

0000a000     280 (0000a000)     _test_variable
0000a001     280 (0000a000)     _user_test_val
0000a002     280 (0000a000)     _test_Vout_val_1
0000a003     280 (0000a000)     _test_Vout_val_2
0000a004     280 (0000a000)     _test_Vout_val_3
0000a005     280 (0000a000)     _test_Vout_val_4
0000a006     280 (0000a000)     _test_Vout_val_5
0000a007     280 (0000a000)     _test_Iout_val_1
0000a008     280 (0000a000)     _test_Iout_val_2
0000a009     280 (0000a000)     _test_Iout_val_3
0000a00a     280 (0000a000)     _test_Iout_val_4
0000a00b     280 (0000a000)     _test_Iout_val_5
0000a00c     280 (0000a000)     _minute
0000a00d     280 (0000a000)     _hour
0000a00e     280 (0000a000)     _second
0000a00f     280 (0000a000)     _g_day
0000a010     280 (0000a000)     _g_minute
0000a011     280 (0000a000)     _g_hour
0000a012     280 (0000a000)     _g_second
0000a013     280 (0000a000)     __1s_timer
0000a014     280 (0000a000)     _charger_status
0000a015     280 (0000a000)     _number
0000a016     280 (0000a000)     _elapsed_time
0000a018     280 (0000a000)     _elapsed_time_s
0000a01a     280 (0000a000)     _g_elapsed_time
0000a01c     280 (0000a000)     _g_elapsed_time_s

0000a040     281 (0000a040)     _Uart1

0000a180     286 (0000a180)     _Uart2

0000a284     28a (0000a280)     _ucMBAddress
0000a285     28a (0000a280)     _usRegInputStart
0000a286     28a (0000a280)     _usRegHoldingStart
0000a287     28a (0000a280)     _eQueuedEvent
0000a288     28a (0000a280)     _xEventInQueue
0000a289     28a (0000a280)     _b485
0000a28a     28a (0000a280)     _b485_Fault_detect_start
0000a28b     28a (0000a280)     _cnt_buf
0000a28c     28a (0000a280)     _ID_capture
0000a28d     28a (0000a280)     _b485_Fault_cnt
0000a28e     28a (0000a280)     _b485_Fault
0000a28f     28a (0000a280)     _eMBState
0000a290     28a (0000a280)     _usMBSlaveIDLen
0000a291     28a (0000a280)     _eSndState
0000a292     28a (0000a280)     _eRcvState
0000a293     28a (0000a280)     _usSndBufferCount
0000a294     28a (0000a280)     _usRcvBufferPos
0000a295     28a (0000a280)     _scib_PRD_temp
0000a296     28a (0000a280)     _scib_buf
0000a29c     28a (0000a280)     _pvMBFrameStartCur
0000a29e     28a (0000a280)     _pvMBFrameStopCur
0000a2a0     28a (0000a280)     _peMBFrameSendCur
0000a2a2     28a (0000a280)     _peMBFrameReceiveCur
0000a2a4     28a (0000a280)     _pvMBFrameCloseCur
0000a2a6     28a (0000a280)     _pxMBFrameCBByteReceived
0000a2a8     28a (0000a280)     _pxMBFrameCBTransmitterEmpty
0000a2aa     28a (0000a280)     _pxMBPortCBTimerExpired
0000a2ac     28a (0000a280)     _pxMBFrameCBReceiveFSMCur
0000a2ae     28a (0000a280)     _pxMBFrameCBTransmitFSMCur
0000a2b0     28a (0000a280)     _pucSndBufferCur
0000a2b4     28a (0000a280)     _can_rx_fault_cnt
0000a2bf     28a (0000a280)     _sci_baud_capture

0000a2c0     28b (0000a2c0)     _eChargeMode
0000a2c1     28b (0000a2c0)     _deg_sDacTmp
0000a2c2     28b (0000a2c0)     _prabhu_test
0000a2c3     28b (0000a2c0)     _IcomTemp
0000a2c4     28b (0000a2c0)     _spi_tx_temp
0000a2c5     28b (0000a2c0)     _Run
0000a2c6     28b (0000a2c0)     _dummy
0000a2c7     28b (0000a2c0)     _Vo_m
0000a2c8     28b (0000a2c0)     _dac_count
0000a2c9     28b (0000a2c0)     _dac_out_a
0000a2ca     28b (0000a2c0)     _dac_out_b
0000a2cb     28b (0000a2c0)     _Average_count
0000a2cc     28b (0000a2c0)     _Current_Average
0000a2cd     28b (0000a2c0)     _dac_a_int
0000a2ce     28b (0000a2c0)     _Io_ad
0000a2cf     28b (0000a2c0)     _Test_Temp
0000a2d0     28b (0000a2c0)     _Test_Temp1
0000a2d1     28b (0000a2c0)     _Vout_Reference
0000a2d2     28b (0000a2c0)     _Iout_Reference
0000a2d3     28b (0000a2c0)     _V_high_limit
0000a2d4     28b (0000a2c0)     _V_low_limit
0000a2d5     28b (0000a2c0)     _fan_speed
0000a2d6     28b (0000a2c0)     _temperature1
0000a2d7     28b (0000a2c0)     _temperature2
0000a2d8     28b (0000a2c0)     _temperature3
0000a2d9     28b (0000a2c0)     _start_stop
0000a2da     28b (0000a2c0)     _fan_pwm_out_trip
0000a2db     28b (0000a2c0)     _fan_pwm_out_trip_old
0000a2dc     28b (0000a2c0)     _SendChar
0000a2dd     28b (0000a2c0)     _over_voltage_flag
0000a2de     28b (0000a2c0)     __10ms_flag
0000a2df     28b (0000a2c0)     __1ms_flag
0000a2e0     28b (0000a2c0)     __100us_flag
0000a2e1     28b (0000a2c0)     __50us_flag
0000a2e2     28b (0000a2c0)     __0_1ms_count
0000a2e3     28b (0000a2c0)     _Iref_temp
0000a2e4     28b (0000a2c0)     _DigitalIn
0000a2e5     28b (0000a2c0)     _DigitalIn_old
0000a2e6     28b (0000a2c0)     _DigitalIn_old_old
0000a2e7     28b (0000a2c0)     _Board_ID
0000a2e8     28b (0000a2c0)     _dab_ok_fault
0000a2e9     28b (0000a2c0)     _dab_ok
0000a2ea     28b (0000a2c0)     _type_size
0000a2eb     28b (0000a2c0)     _cpu_timer0_cnt
0000a2ec     28b (0000a2c0)     _cpu_timer1_cnt
0000a2ed     28b (0000a2c0)     _cpu_timer2_cnt
0000a2ee     28b (0000a2c0)     _rx_adc_data
0000a2ef     28b (0000a2c0)     _test_dac
0000a2f0     28b (0000a2c0)     _test_en
0000a2f1     28b (0000a2c0)     _test_en2
0000a2f2     28b (0000a2c0)     _hw_switch
0000a2f3     28b (0000a2c0)     _Buck_EN
0000a2f4     28b (0000a2c0)     _board2_voltage
0000a2f5     28b (0000a2c0)     _board2_current
0000a2f6     28b (0000a2c0)     _tx_count
0000a2f7     28b (0000a2c0)     _count_num
0000a2f8     28b (0000a2c0)     _fifo_err_cnt
0000a2f9     28b (0000a2c0)     _LoopCount
0000a2fa     28b (0000a2c0)     _ErrorCount
0000a2fb     28b (0000a2c0)     __1second_flag
0000a2fc     28b (0000a2c0)     _force_reset_test
0000a2fd     28b (0000a2c0)     _slop
0000a2fe     28b (0000a2c0)     _can_tx_flag
0000a2ff     28b (0000a2c0)     _detect_module_num

0000a300     28c (0000a300)     _size_check
0000a301     28c (0000a300)     _adc_offset
0000a302     28c (0000a300)     _count_num2
0000a303     28c (0000a300)     _send_start_flag
0000a304     28c (0000a300)     _test_out_A
0000a305     28c (0000a300)     _Run_on_count
0000a306     28c (0000a300)     _switch_1_old_old
0000a307     28c (0000a300)     _switch_1_old
0000a308     28c (0000a300)     _switch_1
0000a309     28c (0000a300)     _filtered_switch_input
0000a30a     28c (0000a300)     __10ms_timer
0000a30b     28c (0000a300)     _MonitoringCount
0000a30c     28c (0000a300)     _hw_fault
0000a30d     28c (0000a300)     _GPIO_in
0000a30e     28c (0000a300)     _GPIO_in_1
0000a30f     28c (0000a300)     _spi_interrupt_cnt
0000a310     28c (0000a300)     _epwm1_isr_cnt
0000a311     28c (0000a300)     _led2_on
0000a312     28c (0000a300)     _epwm3_isr_cnt
0000a313     28c (0000a300)     _check_counter
0000a316     28c (0000a300)     _mainLoopCount
0000a318     28c (0000a300)     _I_com_set
0000a31a     28c (0000a300)     _dutyManualGUI
0000a31c     28c (0000a300)     _Icom
0000a31e     28c (0000a300)     _Icom_ss_old
0000a320     28c (0000a300)     _Icom_ss
0000a322     28c (0000a300)     _I_com
0000a324     28c (0000a300)     _I_ss_old
0000a326     28c (0000a300)     _Voh1
0000a328     28c (0000a300)     _Vol1
0000a32a     28c (0000a300)     _I_ss
0000a32c     28c (0000a300)     _I_ss_old2
0000a32e     28c (0000a300)     _V_com
0000a330     28c (0000a300)     _Voh_com
0000a332     28c (0000a300)     _Vol_com
0000a334     28c (0000a300)     _KI_out_old
0000a336     28c (0000a300)     _KI_out
0000a338     28c (0000a300)     _Voh_KI_out
0000a33a     28c (0000a300)     _Vol_KI_out
0000a33c     28c (0000a300)     _In_Temp
0000a33e     28c (0000a300)     _Vo

0000a340     28d (0000a340)     _Vo_sen_sum
0000a342     28d (0000a340)     _Vo_Err
0000a344     28d (0000a340)     _Voh_Err
0000a346     28d (0000a340)     _Vol_Err
0000a348     28d (0000a340)     _Vo_err_PI_out
0000a34a     28d (0000a340)     _Voh_err_PI_out
0000a34c     28d (0000a340)     _Vol_err_PI_out
0000a34e     28d (0000a340)     _KP_out
0000a350     28d (0000a340)     _Voh_KP_out
0000a352     28d (0000a340)     _Vol_KP_out
0000a354     28d (0000a340)     _Icom_temp
0000a356     28d (0000a340)     _Icom_Pos
0000a358     28d (0000a340)     _Icom_Pos1
0000a35a     28d (0000a340)     _Icom_Neg
0000a35c     28d (0000a340)     _Icom_Neg1
0000a35e     28d (0000a340)     _Io_avg
0000a360     28d (0000a340)     _Io_ad_avg
0000a362     28d (0000a340)     _Io_ad_sum
0000a364     28d (0000a340)     _Io_sen_sum
0000a366     28d (0000a340)     _Temp_ad_sen
0000a368     28d (0000a340)     _fan_pwm_duty
0000a36a     28d (0000a340)     _fan_pwm_duty_temp
0000a36c     28d (0000a340)     _Temp_ad_sen_1
0000a36e     28d (0000a340)     _Voffset
0000a370     28d (0000a340)     _Vscale
0000a372     28d (0000a340)     _Kp
0000a374     28d (0000a340)     _Ki
0000a376     28d (0000a340)     _Tsampl
0000a378     28d (0000a340)     _Temp_ad
0000a37a     28d (0000a340)     _Vo_ad
0000a37c     28d (0000a340)     _Test_Temp2
0000a37e     28d (0000a340)     _Io_sen_real

0000a380     28e (0000a380)     _I_manual
0000a382     28e (0000a380)     _Vin_monitor
0000a384     28e (0000a380)     _Vout_monitor
0000a386     28e (0000a380)     _Iout_monitor
0000a388     28e (0000a380)     _uf_resistance
0000a38a     28e (0000a380)     _Iout_command
0000a38c     28e (0000a380)     _Io_sense1
0000a38e     28e (0000a380)     _Io_sense2
0000a390     28e (0000a380)     _Io_sense3
0000a392     28e (0000a380)     _Io_sense4
0000a394     28e (0000a380)     _Io_sense5
0000a396     28e (0000a380)     _Io_sense6
0000a398     28e (0000a380)     _Io_sense7
0000a39a     28e (0000a380)     _Io_sense8
0000a39c     28e (0000a380)     _Io_sense9
0000a39e     28e (0000a380)     _UI_Iout_command
0000a3a0     28e (0000a380)     _Io_sen
0000a3a2     28e (0000a380)     _Io_sen_total
0000a3a4     28e (0000a380)     _Vo_sen_avg
0000a3a6     28e (0000a380)     _msg
0000a3a8     28e (0000a380)     _fADC_voltage
0000a3aa     28e (0000a380)     _Vo_sen
0000a3ac     28e (0000a380)     __100khz_count
0000a3ae     28e (0000a380)     ___100ms_flag
0000a3b0     28e (0000a380)     ___1000ms_flag
0000a3b2     28e (0000a380)     _Power
0000a3b4     28e (0000a380)     _USART_send_period
0000a3b6     28e (0000a380)     _setup_off_timer
0000a3b8     28e (0000a380)     _setup_on_timer
0000a3ba     28e (0000a380)     _ulCanTRS
0000a3bc     28e (0000a380)     _ulCanTRS_Prev
0000a3be     28e (0000a380)     _rx_adc_data_buf

0000a3c0     28f (0000a3c0)     _rx_adc_data_buf_sum
0000a3c2     28f (0000a3c0)     _rx_adc_data_buf_ave
0000a3c4     28f (0000a3c0)     _v_ref
0000a3c6     28f (0000a3c0)     _adc_ramp
0000a3c8     28f (0000a3c0)     _test_val
0000a3ca     28f (0000a3c0)     _I_com_1
0000a3cc     28f (0000a3c0)     _Vo_delta
0000a3ce     28f (0000a3c0)     _Vo_sen_sum_mon
0000a3d0     28f (0000a3c0)     _Vo_Monitor
0000a3d2     28f (0000a3c0)     _Vo_Mean
0000a3d4     28f (0000a3c0)     _ucMBSlaveID
0000a3f4     28f (0000a3c0)     ___TI_enable_exit_profile_output
0000a3f6     28f (0000a3c0)     ___TI_cleanup_ptr
0000a3f8     28f (0000a3c0)     ___TI_dtors_ptr
0000a3fa     28f (0000a3c0)     _gSciTxBuf
0000a3fe     28f (0000a3c0)     __lock

0000a400     290 (0000a400)     _ucRTUBuf

0000a500     294 (0000a500)     _pfnRcvIntHandler
0000a502     294 (0000a500)     _pfnTrmIntHandler
0000a504     294 (0000a500)     _pfnErrIntHandler
0000a506     294 (0000a500)     _ECanaShadow

0000a540     295 (0000a540)     _ECanbShadow
0000a574     295 (0000a540)     __unlock

0000a580     296 (0000a580)     _usRegHoldingBuf

0000a5e4     297 (0000a5c0)     _CpuTimer0
0000a5ec     297 (0000a5c0)     _CpuTimer1
0000a5f4     297 (0000a5c0)     _CpuTimer2

0000a600     298 (0000a600)     _usRegInputBuf

0000a680     29a (0000a680)     _xFuncHandlers

003d7e80    f5fa (003d7e80)     _PartIdRegs

003f5bd0    fd6f (003f5bc0)     _PieVectTableInit

003f7ff8    fdff (003f7fc0)     _CsmPwl


GLOBAL SYMBOLS: SORTED ALPHABETICALLY BY Name 

page  address   name                                               
----  -------   ----                                               
0     003f4000  .text                                              
0     003f580d  C$$EXIT                                            
0     003f58c5  FS$$DIV                                            
0     003f58f0  U$$DIV                                             
0     003f58f5  U$$MOD                                             
0     003f4b9f  _ADCINT1_ISR                                       
0     003f4ba9  _ADCINT2_ISR                                       
0     003f4db1  _ADCINT3_ISR                                       
0     003f4dbb  _ADCINT4_ISR                                       
0     003f4dc5  _ADCINT5_ISR                                       
0     003f4dcf  _ADCINT6_ISR                                       
0     003f4dd9  _ADCINT7_ISR                                       
0     003f4de3  _ADCINT8_ISR                                       
0     003f4bc7  _ADCINT9_ISR                                       
0     003f514b  _AdcChanSelect                                     
0     003f51c0  _AdcConversion                                     
0     003f5124  _AdcOffsetSelfCal                                  
1     00007100  _AdcRegs                                           
1     00000b00  _AdcResult                                         
0     003f4f44  _AdcSetup                                          
1     0000a2cb  _Average_count                                     
1     0000a2e7  _Board_ID                                          
1     0000a2f3  _Buck_EN                                           
0     003f4ded  _CLA1_INT1_ISR                                     
0     003f4df7  _CLA1_INT2_ISR                                     
0     003f4e01  _CLA1_INT3_ISR                                     
0     003f4e0b  _CLA1_INT4_ISR                                     
0     003f4e15  _CLA1_INT5_ISR                                     
0     003f4e1f  _CLA1_INT6_ISR                                     
0     003f4e29  _CLA1_INT7_ISR                                     
0     003f4e33  _CLA1_INT8_ISR                                     
0     003f4a0f  _Calculating_current_average_and_monitoring_average
0     003f4a5d  _Calculating_voltage_average_and_monitoring_average
1     00001400  _Cla1Regs                                          
0     00009000  _Cla1funcsLoadEnd                                  
abs   00000000  _Cla1funcsLoadSize                                 
0     00009000  _Cla1funcsLoadStart                                
0     00009000  _Cla1funcsRunStart                                 
1     00006400  _Comp1Regs                                         
1     00006420  _Comp2Regs                                         
1     00006440  _Comp3Regs                                         
0     003f56e0  _ConfigCpuTimer                                    
1     0000a5e4  _CpuTimer0                                         
1     00000c00  _CpuTimer0Regs                                     
1     0000a5ec  _CpuTimer1                                         
1     00000c08  _CpuTimer1Regs                                     
1     0000a5f4  _CpuTimer2                                         
1     00000c10  _CpuTimer2Regs                                     
1     003f7ff8  _CsmPwl                                            
1     00000ae0  _CsmRegs                                           
0     003f5413  _CsmUnlock                                         
1     0000a2cc  _Current_Average                                   
0     003f4af5  _DATALOG_ISR                                       
0     003f4d25  _DINTCH1_ISR                                       
0     003f4d2f  _DINTCH2_ISR                                       
0     003f4d39  _DINTCH3_ISR                                       
0     003f4d43  _DINTCH4_ISR                                       
0     003f4d4d  _DINTCH5_ISR                                       
0     003f4d57  _DINTCH6_ISR                                       
0     0000840b  _DSP28x_usDelay                                    
1     00000880  _DevEmuRegs                                        
1     0000a2e4  _DigitalIn                                         
1     0000a2e5  _DigitalIn_old                                     
1     0000a2e6  _DigitalIn_old_old                                 
0     003f49aa  _Digital_Input                                     
0     003f5334  _DisableDog                                        
1     00001000  _DmaRegs                                           
0     003f4d9d  _ECAN0INTA_ISR                                     
0     003f4da7  _ECAN1INTA_ISR                                     
0     003f4c85  _ECAP1_INT_ISR                                     
0     003f4c8f  _ECAP2_INT_ISR                                     
0     003f4c99  _ECAP3_INT_ISR                                     
1     00006040  _ECanaLAMRegs                                      
1     000060c0  _ECanaMOTORegs                                     
1     00006080  _ECanaMOTSRegs                                     
1     00006100  _ECanaMboxes                                       
1     00006000  _ECanaRegs                                         
1     0000a506  _ECanaShadow                                       
1     0000a540  _ECanbShadow                                       
1     00006a00  _ECap1Regs                                         
1     00006a20  _ECap2Regs                                         
1     00006a40  _ECap3Regs                                         
0     003f4e5b  _EMPTY_ISR                                         
0     003f4b09  _EMUINT_ISR                                        
0     003f4c35  _EPWM1_INT_ISR                                     
0     003f4be5  _EPWM1_TZINT_ISR                                   
0     003f4c3f  _EPWM2_INT_ISR                                     
0     003f4bef  _EPWM2_TZINT_ISR                                   
0     003f4c49  _EPWM3_INT_ISR                                     
0     003f4bf9  _EPWM3_TZINT_ISR                                   
0     003f4c53  _EPWM4_INT_ISR                                     
0     003f4c03  _EPWM4_TZINT_ISR                                   
0     003f4c5d  _EPWM5_INT_ISR                                     
0     003f4c0d  _EPWM5_TZINT_ISR                                   
0     003f4c67  _EPWM6_INT_ISR                                     
0     003f4c17  _EPWM6_TZINT_ISR                                   
0     003f4c71  _EPWM7_INT_ISR                                     
0     003f4c21  _EPWM7_TZINT_ISR                                   
0     003f4c7b  _EPWM8_INT_ISR                                     
0     003f4c2b  _EPWM8_TZINT_ISR                                   
1     00006800  _EPwm1Regs                                         
1     00006840  _EPwm2Regs                                         
1     00006880  _EPwm3Regs                                         
1     000068c0  _EPwm4Regs                                         
1     00006900  _EPwm5Regs                                         
1     00006940  _EPwm6Regs                                         
1     00006980  _EPwm7Regs                                         
1     000069c0  _EPwm8Regs                                         
0     003f4cb7  _EQEP1_INT_ISR                                     
0     003f4cc1  _EQEP2_INT_ISR                                     
1     00006b00  _EQep1Regs                                         
1     00006b40  _EQep2Regs                                         
1     00000d01  _EmuBMode                                          
1     00000d00  _EmuKey                                            
0     003f5855  _EnableInterrupts                                  
1     0000a2fa  _ErrorCount                                        
0     003f5484  _ExtOscSel                                         
0     003f4a90  _FAN_pwm_service                                   
1     00000a80  _FlashRegs                                         
1     00000d04  _Flash_CPUScaleFactor                              
1     00000d02  _Flash_CallbackPtr                                 
1     0000a30d  _GPIO_in                                           
1     0000a30e  _GPIO_in_1                                         
1     00006f80  _GpioCtrlRegs                                      
1     00006fc0  _GpioDataRegs                                      
1     00006fe0  _GpioIntRegs                                       
0     003f4f7e  _Gpio_select                                       
0     003f4ca3  _HRCAP1_INT_ISR                                    
0     003f4cad  _HRCAP2_INT_ISR                                    
0     003f4ccb  _HRCAP3_INT_ISR                                    
0     003f4cd5  _HRCAP4_INT_ISR                                    
1     00006ac0  _HRCap1Regs                                        
1     00006ae0  _HRCap2Regs                                        
1     00006c80  _HRCap3Regs                                        
1     00006ca0  _HRCap4Regs                                        
0     003f4d61  _I2CINT1A_ISR                                      
0     003f4d6b  _I2CINT2A_ISR                                      
1     00007900  _I2caRegs                                          
1     0000a28c  _ID_capture                                        
0     003f4b1d  _ILLEGAL_ISR                                       
0     003f4ae1  _INT13_ISR                                         
0     003f4aeb  _INT14_ISR                                         
1     0000a322  _I_com                                             
1     0000a3ca  _I_com_1                                           
1     0000a318  _I_com_set                                         
1     0000a380  _I_manual                                          
1     0000a32a  _I_ss                                              
1     0000a324  _I_ss_old                                          
1     0000a32c  _I_ss_old2                                         
1     0000a31c  _Icom                                              
1     0000a2c3  _IcomTemp                                          
1     0000a35a  _Icom_Neg                                          
1     0000a35c  _Icom_Neg1                                         
1     0000a356  _Icom_Pos                                          
1     0000a358  _Icom_Pos1                                         
1     0000a320  _Icom_ss                                           
1     0000a31e  _Icom_ss_old                                       
1     0000a354  _Icom_temp                                         
1     0000a33c  _In_Temp                                           
0     003f50d9  _InitAdc                                           
0     003f5102  _InitAdcAio                                        
0     003f56a5  _InitCpuTimers                                     
0     003f5621  _InitECan                                          
0     003f568c  _InitECanGpio                                      
0     003f5624  _InitECana                                         
0     003f568f  _InitECanaGpio                                     
0     003f549a  _InitEPwm                                          
0     003f4e7c  _InitEPwm1Example                                  
0     003f54ac  _InitEPwm1Gpio                                     
0     003f4ec9  _InitEPwm2Example                                  
0     003f54be  _InitEPwm2Gpio                                     
0     003f4f16  _InitEPwm3Example                                  
0     003f54d0  _InitEPwm3Gpio                                     
0     003f54e4  _InitEPwm4Gpio                                     
0     003f54f8  _InitEPwm5Gpio                                     
0     003f550a  _InitEPwm6Gpio                                     
0     003f551c  _InitEPwm7Gpio                                     
0     003f552e  _InitEPwm8Gpio                                     
0     003f549b  _InitEPwmGpio                                      
0     003f5540  _InitEPwmSyncGpio                                  
0     000083f0  _InitFlash                                         
0     003f53be  _InitPeripheralClocks                              
0     003f5836  _InitPieCtrl                                       
0     003f585e  _InitPieVectTable                                  
0     003f533c  _InitPll                                           
0     003f5390  _InitPll2                                          
0     003f57e1  _InitSci                                           
0     003f57e2  _InitSciGpio                                       
0     003f57e7  _InitSciaGpio                                      
0     003f57fd  _InitScibGpio                                      
0     003f57ab  _InitSpi                                           
0     003f57ac  _InitSpiGpio                                       
0     003f57b1  _InitSpiaGpio                                      
0     003f57cf  _InitSpibGpio                                      
0     003f5310  _InitSysCtrl                                       
0     003f5551  _InitTzGpio                                        
0     003f5444  _IntOsc1Sel                                        
0     003f5454  _IntOsc2Sel                                        
1     0000a2ce  _Io_ad                                             
1     0000a360  _Io_ad_avg                                         
1     0000a362  _Io_ad_sum                                         
1     0000a35e  _Io_avg                                            
1     0000a3a0  _Io_sen                                            
1     0000a37e  _Io_sen_real                                       
1     0000a364  _Io_sen_sum                                        
1     0000a3a2  _Io_sen_total                                      
1     0000a38c  _Io_sense1                                         
1     0000a38e  _Io_sense2                                         
1     0000a390  _Io_sense3                                         
1     0000a392  _Io_sense4                                         
1     0000a394  _Io_sense5                                         
1     0000a396  _Io_sense6                                         
1     0000a398  _Io_sense7                                         
1     0000a39a  _Io_sense8                                         
1     0000a39c  _Io_sense9                                         
1     0000a2d2  _Iout_Reference                                    
1     0000a38a  _Iout_command                                      
1     0000a386  _Iout_monitor                                      
1     0000a2e3  _Iref_temp                                         
1     0000a336  _KI_out                                            
1     0000a334  _KI_out_old                                        
1     0000a34e  _KP_out                                            
1     0000a374  _Ki                                                
1     0000a372  _Kp                                                
0     003f4e51  _LUF_ISR                                           
0     003f4e47  _LVF_ISR                                           
1     0000a2f9  _LoopCount                                         
0     003f4d11  _MRINTA_ISR                                        
0     003f4d1b  _MXINTA_ISR                                        
1     00005000  _McbspaRegs                                        
1     0000a30b  _MonitoringCount                                   
0     003f4b13  _NMI_ISR                                           
1     00007060  _NmiIntruptRegs                                    
0     003f4e68  _PIE_RESERVED                                      
0     003f48c0  _PI_Controller_high                                
0     003f4937  _PI_Controller_low                                 
1     003d7e80  _PartIdRegs                                        
1     00000ce0  _PieCtrlRegs                                       
1     00000d00  _PieVectTable                                      
0     003f5bd0  _PieVectTableInit                                  
1     0000a3b2  _Power                                             
0     003f4aff  _RTOSINT_ISR                                       
0     003e840f  _RamfuncsLoadEnd                                   
abs   0000040f  _RamfuncsLoadSize                                  
0     003e8000  _RamfuncsLoadStart                                 
0     00008000  _RamfuncsRunStart                                  
1     0000a2c5  _Run                                               
1     0000a305  _Run_on_count                                      
0     003f4d75  _SCIRXINTA_ISR                                     
0     003f4d89  _SCIRXINTB_ISR                                     
0     003f4d7f  _SCITXINTA_ISR                                     
0     003f4d93  _SCITXINTB_ISR                                     
0     003f4ce9  _SPIRXINTA_ISR                                     
0     003f4cfd  _SPIRXINTB_ISR                                     
0     003f4cf3  _SPITXINTA_ISR                                     
0     003f4d07  _SPITXINTB_ISR                                     
1     00007050  _SciaRegs                                          
1     00007750  _ScibRegs                                          
1     0000a2dc  _SendChar                                          
0     003f532a  _ServiceDog                                        
1     00007040  _SpiaRegs                                          
1     00007740  _SpibRegs                                          
1     00007010  _SysCtrlRegs                                       
1     00000985  _SysPwrCtrlRegs                                    
0     003f4bd1  _TINT0_ISR                                         
1     0000a378  _Temp_ad                                           
1     0000a366  _Temp_ad_sen                                       
1     0000a36c  _Temp_ad_sen_1                                     
1     0000a2cf  _Test_Temp                                         
1     0000a2d0  _Test_Temp1                                        
1     0000a37c  _Test_Temp2                                        
1     0000a376  _Tsampl                                            
1     0000a39e  _UI_Iout_command                                   
1     0000a3b4  _USART_send_period                                 
0     003f4cdf  _USB0_INT_ISR                                      
0     003f4b81  _USER10_ISR                                        
0     003f4b8b  _USER11_ISR                                        
0     003f4b95  _USER12_ISR                                        
0     003f4b27  _USER1_ISR                                         
0     003f4b31  _USER2_ISR                                         
0     003f4b3b  _USER3_ISR                                         
0     003f4b45  _USER4_ISR                                         
0     003f4b4f  _USER5_ISR                                         
0     003f4b59  _USER6_ISR                                         
0     003f4b63  _USER7_ISR                                         
0     003f4b6d  _USER8_ISR                                         
0     003f4b77  _USER9_ISR                                         
1     0000a040  _Uart1                                             
1     0000a180  _Uart2                                             
1     00004000  _Usb0Regs                                          
1     0000a32e  _V_com                                             
1     0000a2d3  _V_high_limit                                      
1     0000a2d4  _V_low_limit                                       
1     0000a382  _Vin_monitor                                       
1     0000a33e  _Vo                                                
1     0000a342  _Vo_Err                                            
1     0000a3d2  _Vo_Mean                                           
1     0000a3d0  _Vo_Monitor                                        
1     0000a37a  _Vo_ad                                             
1     0000a3cc  _Vo_delta                                          
1     0000a348  _Vo_err_PI_out                                     
1     0000a2c7  _Vo_m                                              
1     0000a3aa  _Vo_sen                                            
1     0000a3a4  _Vo_sen_avg                                        
1     0000a340  _Vo_sen_sum                                        
1     0000a3ce  _Vo_sen_sum_mon                                    
1     0000a36e  _Voffset                                           
1     0000a326  _Voh1                                              
1     0000a344  _Voh_Err                                           
1     0000a338  _Voh_KI_out                                        
1     0000a350  _Voh_KP_out                                        
1     0000a330  _Voh_com                                           
1     0000a34a  _Voh_err_PI_out                                    
1     0000a328  _Vol1                                              
1     0000a346  _Vol_Err                                           
1     0000a33a  _Vol_KI_out                                        
1     0000a352  _Vol_KP_out                                        
1     0000a332  _Vol_com                                           
1     0000a34c  _Vol_err_PI_out                                    
1     0000a2d1  _Vout_Reference                                    
1     0000a384  _Vout_monitor                                      
1     0000a370  _Vscale                                            
0     003f4bdb  _WAKEINT_ISR                                       
0     003f4bb3  _XINT1_ISR                                         
0     003f4bbd  _XINT2_ISR                                         
0     003f4e3d  _XINT3_ISR                                         
1     00007070  _XIntruptRegs                                      
0     003f5468  _XtalOscSel                                        
1     0000a2e2  __0_1ms_count                                      
1     0000a3ac  __100khz_count                                     
1     0000a2e0  __100us_flag                                       
1     0000a2de  __10ms_flag                                        
1     0000a30a  __10ms_timer                                       
1     0000a2df  __1ms_flag                                         
1     0000a013  __1s_timer                                         
1     0000a2fb  __1second_flag                                     
1     0000a2e1  __50us_flag                                        
1     000000a0  __STACK_END                                        
abs   00000050  __STACK_SIZE                                       
1     0000a3b0  ___1000ms_flag                                     
1     0000a3ae  ___100ms_flag                                      
1     0000a3f6  ___TI_cleanup_ptr                                  
1     0000a3f8  ___TI_dtors_ptr                                    
1     0000a3f4  ___TI_enable_exit_profile_output                   
abs   ffffffff  ___TI_pprof_out_hndl                               
abs   ffffffff  ___TI_prof_data_size                               
abs   ffffffff  ___TI_prof_data_start                              
abs   ffffffff  ___binit__                                         
abs   ffffffff  ___c_args__                                        
0     003f590f  ___cinit__                                         
0     003f590f  ___etext__                                         
abs   ffffffff  ___pinit__                                         
0     003f4000  ___text__                                          
0     003f58de  __args_main                                        
1     0000a3fe  __lock                                             
0     003f5903  __nop                                              
0     003f58ff  __register_lock                                    
0     003f58fb  __register_unlock                                  
1     00000050  __stack                                            
0     003f590e  __system_post_cinit                                
0     003f590c  __system_pre_init                                  
1     0000a574  __unlock                                           
0     003f580d  _abort                                             
0     00008265  _adc_isr                                           
1     0000a301  _adc_offset                                        
1     0000a3c6  _adc_ramp                                          
1     0000a289  _b485                                              
1     0000a28e  _b485_Fault                                        
1     0000a28d  _b485_Fault_cnt                                    
1     0000a28a  _b485_Fault_detect_start                           
1     0000a2f5  _board2_current                                    
1     0000a2f4  _board2_voltage                                    
0     003f571b  _c_int00                                           
1     0000a2b4  _can_rx_fault_cnt                                  
1     0000a2fe  _can_tx_flag                                       
1     0000a014  _charger_status                                    
1     0000a313  _check_counter                                     
0     003f579a  _cla1_task1_isr                                    
1     0000a28b  _cnt_buf                                           
0     003f5884  _copy_in                                           
1     0000a2f7  _count_num                                         
1     0000a302  _count_num2                                        
0     003f55f0  _cpuTimer1ExpiredISR                               
1     0000a2eb  _cpu_timer0_cnt                                    
0     00008000  _cpu_timer0_isr                                    
1     0000a2ec  _cpu_timer1_cnt                                    
1     0000a2ed  _cpu_timer2_cnt                                    
0     00008018  _cpu_timer2_isr                                    
1     0000a2e9  _dab_ok                                            
1     0000a2e8  _dab_ok_fault                                      
1     0000a2cd  _dac_a_int                                         
1     0000a2c8  _dac_count                                         
1     0000a2c9  _dac_out_a                                         
1     0000a2ca  _dac_out_b                                         
1     0000a2c1  _deg_sDacTmp                                       
1     0000a2ff  _detect_module_num                                 
1     0000a2c6  _dummy                                             
1     0000a31a  _dutyManualGUI                                     
0     003f5015  _eCana_config                                      
1     0000a2c0  _eChargeMode                                       
0     003f40ee  _eMBClose                                          
0     003f40d8  _eMBDisable                                        
0     003f40c6  _eMBEnable                                         
0     003f4437  _eMBFuncReadHoldingRegister                        
0     003f44e9  _eMBFuncReadInputRegister                          
0     003f447c  _eMBFuncReadWriteMultipleHoldingRegister           
0     003f4560  _eMBFuncReportSlaveID                              
0     003f43db  _eMBFuncWriteHoldingRegister                       
0     003f43fd  _eMBFuncWriteMultipleHoldingRegister               
0     003f407e  _eMBInit                                           
0     003f40ff  _eMBPoll                                           
0     003f4199  _eMBRTUInit                                        
0     003f41db  _eMBRTUReceive                                     
0     003f4201  _eMBRTUSend                                        
0     003f41c6  _eMBRTUStart                                       
0     003f41d2  _eMBRTUStop                                        
0     003f431b  _eMBRegHoldingCB                                   
0     003f42e4  _eMBRegInputCB                                     
0     003f4375  _eMBRegisterCB                                     
0     003f452e  _eMBSetSlaveID                                     
1     0000a28f  _eMBState                                          
1     0000a287  _eQueuedEvent                                      
1     0000a292  _eRcvState                                         
1     0000a291  _eSndState                                         
1     0000a016  _elapsed_time                                      
1     0000a018  _elapsed_time_s                                    
0     003f5785  _epwm1_isr                                         
1     0000a310  _epwm1_isr_cnt                                     
0     00008028  _epwm3_isr                                         
1     0000a312  _epwm3_isr_cnt                                     
0     003f4adf  _error                                             
0     003f580f  _exit                                              
1     0000a3a8  _fADC_voltage                                      
1     0000a368  _fan_pwm_duty                                      
1     0000a36a  _fan_pwm_duty_temp                                 
1     0000a2da  _fan_pwm_out_trip                                  
1     0000a2db  _fan_pwm_out_trip_old                              
1     0000a2d5  _fan_speed                                         
1     0000a2f8  _fifo_err_cnt                                      
1     0000a309  _filtered_switch_input                             
1     0000a2fc  _force_reset_test                                  
1     0000a3fa  _gSciTxBuf                                         
1     0000a00f  _g_day                                             
1     0000a01a  _g_elapsed_time                                    
1     0000a01c  _g_elapsed_time_s                                  
1     0000a011  _g_hour                                            
1     0000a010  _g_minute                                          
1     0000a012  _g_second                                          
1     0000a00d  _hour                                              
1     0000a30c  _hw_fault                                          
1     0000a2f2  _hw_switch                                         
1     0000a311  _led2_on                                           
0     003f4617  _main                                              
1     0000a316  _mainLoopCount                                     
0     003f58a8  _memcpy                                            
1     0000a00c  _minute                                            
0     000082e4  _modbus_parse                                      
1     0000a3a6  _msg                                               
1     0000a015  _number                                            
1     0000a2dd  _over_voltage_flag                                 
1     0000a2a2  _peMBFrameReceiveCur                               
1     0000a2a0  _peMBFrameSendCur                                  
1     0000a504  _pfnErrIntHandler                                  
1     0000a500  _pfnRcvIntHandler                                  
1     0000a502  _pfnTrmIntHandler                                  
1     0000a2c2  _prabhu_test                                       
0     003f45d5  _prveMBError2Exception                             
1     0000a2b0  _pucSndBufferCur                                   
1     0000a2a4  _pvMBFrameCloseCur                                 
1     0000a29c  _pvMBFrameStartCur                                 
1     0000a29e  _pvMBFrameStopCur                                  
1     0000a2a6  _pxMBFrameCBByteReceived                           
1     0000a2ac  _pxMBFrameCBReceiveFSMCur                          
1     0000a2ae  _pxMBFrameCBTransmitFSMCur                         
1     0000a2a8  _pxMBFrameCBTransmitterEmpty                       
1     0000a2aa  _pxMBPortCBTimerExpired                            
0     003f4e72  _rsvd_ISR                                          
1     0000a2ee  _rx_adc_data                                       
1     0000a3be  _rx_adc_data_buf                                   
1     0000a3c2  _rx_adc_data_buf_ave                               
1     0000a3c0  _rx_adc_data_buf_sum                               
1     0000a2bf  _sci_baud_capture                                  
0     003f4ff2  _scia_fifo_init                                    
0     003f4ffb  _scia_init                                         
0     0000829f  _scia_txFifo_isr                                   
0     003f55ab  _scibRxReadyISR                                    
0     003f5572  _scibTxEmptyISR                                    
1     0000a295  _scib_PRD_temp                                     
1     0000a296  _scib_buf                                          
1     0000a00e  _second                                            
1     0000a303  _send_start_flag                                   
1     0000a3b6  _setup_off_timer                                   
1     0000a3b8  _setup_on_timer                                    
1     0000a300  _size_check                                        
1     0000a2fd  _slop                                              
0     003f4fea  _spi_fifo_init                                     
0     003f4fcf  _spi_init                                          
1     0000a30f  _spi_interrupt_cnt                                 
0     003f5771  _spi_isr                                           
1     0000a2c4  _spi_tx_temp                                       
1     0000a2d9  _start_stop                                        
0     000082cf  _stra_xmit                                         
1     0000a308  _switch_1                                          
1     0000a307  _switch_1_old                                      
1     0000a306  _switch_1_old_old                                  
1     0000a2d6  _temperature1                                      
1     0000a2d7  _temperature2                                      
1     0000a2d8  _temperature3                                      
1     0000a007  _test_Iout_val_1                                   
1     0000a008  _test_Iout_val_2                                   
1     0000a009  _test_Iout_val_3                                   
1     0000a00a  _test_Iout_val_4                                   
1     0000a00b  _test_Iout_val_5                                   
1     0000a002  _test_Vout_val_1                                   
1     0000a003  _test_Vout_val_2                                   
1     0000a004  _test_Vout_val_3                                   
1     0000a005  _test_Vout_val_4                                   
1     0000a006  _test_Vout_val_5                                   
1     0000a2ef  _test_dac                                          
1     0000a2f0  _test_en                                           
1     0000a2f1  _test_en2                                          
1     0000a304  _test_out_A                                        
1     0000a3c8  _test_val                                          
1     0000a000  _test_variable                                     
1     0000a2f6  _tx_count                                          
1     0000a2ea  _type_size                                         
1     0000a284  _ucMBAddress                                       
1     0000a3d4  _ucMBSlaveID                                       
1     0000a400  _ucRTUBuf                                          
1     0000a388  _uf_resistance                                     
1     0000a3ba  _ulCanTRS                                          
1     0000a3bc  _ulCanTRS_Prev                                     
0     003f45ed  _usMBCRC16                                         
1     0000a290  _usMBSlaveIDLen                                    
1     0000a294  _usRcvBufferPos                                    
1     0000a580  _usRegHoldingBuf                                   
1     0000a286  _usRegHoldingStart                                 
1     0000a600  _usRegInputBuf                                     
1     0000a285  _usRegInputStart                                   
1     0000a293  _usSndBufferCount                                  
1     0000a001  _user_test_val                                     
0     003f4047  _vMBPortSerialClose                                
0     003f4027  _vMBPortSerialEnable                               
1     0000a3c4  _v_ref                                             
1     0000a288  _xEventInQueue                                     
1     0000a680  _xFuncHandlers                                     
0     003f42d4  _xMBPortEventGet                                   
0     003f42c5  _xMBPortEventInit                                  
0     003f42ca  _xMBPortEventPost                                  
0     003f4055  _xMBPortSerialGetByte                              
0     003f4000  _xMBPortSerialInit                                 
0     003f4048  _xMBPortSerialPutByte                              
0     003f4069  _xMBPortTimersInit                                 
0     003f4237  _xMBRTUReceiveFSM                                  
0     003f42a0  _xMBRTUTimerT35Expired                             
0     003f4277  _xMBRTUTransmitFSM                                 
0     003f45b1  _xMBUtilGetBits                                    
0     003f4577  _xMBUtilSetBits                                    
abs   ffffffff  binit                                              
0     003f590f  cinit                                              
0     003f7ff6  code_start                                         
0     003f590f  etext                                              
abs   ffffffff  pinit                                              


GLOBAL SYMBOLS: SORTED BY Symbol Address 

page  address   name                                               
----  -------   ----                                               
0     00008000  _RamfuncsRunStart                                  
0     00008000  _cpu_timer0_isr                                    
0     00008018  _cpu_timer2_isr                                    
0     00008028  _epwm3_isr                                         
0     00008265  _adc_isr                                           
0     0000829f  _scia_txFifo_isr                                   
0     000082cf  _stra_xmit                                         
0     000082e4  _modbus_parse                                      
0     000083f0  _InitFlash                                         
0     0000840b  _DSP28x_usDelay                                    
0     00009000  _Cla1funcsLoadEnd                                  
0     00009000  _Cla1funcsLoadStart                                
0     00009000  _Cla1funcsRunStart                                 
0     003e8000  _RamfuncsLoadStart                                 
0     003e840f  _RamfuncsLoadEnd                                   
0     003f4000  .text                                              
0     003f4000  ___text__                                          
0     003f4000  _xMBPortSerialInit                                 
0     003f4027  _vMBPortSerialEnable                               
0     003f4047  _vMBPortSerialClose                                
0     003f4048  _xMBPortSerialPutByte                              
0     003f4055  _xMBPortSerialGetByte                              
0     003f4069  _xMBPortTimersInit                                 
0     003f407e  _eMBInit                                           
0     003f40c6  _eMBEnable                                         
[...]
1     000069c0  _EPwm8Regs                                         
1     00006a00  _ECap1Regs                                         
1     00006a20  _ECap2Regs                                         
1     00006a40  _ECap3Regs                                         
1     00006ac0  _HRCap1Regs                                        
1     00006ae0  _HRCap2Regs                                        
1     00006b00  _EQep1Regs                                         
1     00006b40  _EQep2Regs                                         
1     00006c80  _HRCap3Regs                                        
1     00006ca0  _HRCap4Regs                                        
1     00006f80  _GpioCtrlRegs                                      
1     00006fc0  _GpioDataRegs                                      
1     00006fe0  _GpioIntRegs                                       
1     00007010  _SysCtrlRegs                                       
1     00007040  _SpiaRegs                                          
1     00007050  _SciaRegs                                          
1     00007060  _NmiIntruptRegs                                    
1     00007070  _XIntruptRegs                                      
1     00007100  _AdcRegs                                           
1     00007740  _SpibRegs                                          
1     00007750  _ScibRegs                                          
1     00007900  _I2caRegs                                          
1     0000a000  _test_variable                                     
1     0000a001  _user_test_val                                     
1     0000a002  _test_Vout_val_1                                   
1     0000a003  _test_Vout_val_2                                   
1     0000a004  _test_Vout_val_3                                   
1     0000a005  _test_Vout_val_4                                   
1     0000a006  _test_Vout_val_5                                   
1     0000a007  _test_Iout_val_1                                   
1     0000a008  _test_Iout_val_2                                   
1     0000a009  _test_Iout_val_3                                   
1     0000a00a  _test_Iout_val_4                                   
1     0000a00b  _test_Iout_val_5                                   
1     0000a00c  _minute                                            
1     0000a00d  _hour                                              
1     0000a00e  _second                                            
1     0000a00f  _g_day                                             
1     0000a010  _g_minute                                          
1     0000a011  _g_hour                                            
1     0000a012  _g_second                                          
1     0000a013  __1s_timer                                         
1     0000a014  _charger_status                                    
1     0000a015  _number                                            
1     0000a016  _elapsed_time                                      
1     0000a018  _elapsed_time_s                                    
1     0000a01a  _g_elapsed_time                                    
1     0000a01c  _g_elapsed_time_s                                  
1     0000a040  _Uart1                                             
1     0000a180  _Uart2                                             
1     0000a284  _ucMBAddress                                       
1     0000a285  _usRegInputStart                                   
1     0000a286  _usRegHoldingStart                                 
1     0000a287  _eQueuedEvent                                      
1     0000a288  _xEventInQueue                                     
1     0000a289  _b485                                              
1     0000a28a  _b485_Fault_detect_start                           
1     0000a28b  _cnt_buf                                           
1     0000a28c  _ID_capture                                        
1     0000a28d  _b485_Fault_cnt                                    
1     0000a28e  _b485_Fault                                        
1     0000a28f  _eMBState                                          
1     0000a290  _usMBSlaveIDLen                                    
1     0000a291  _eSndState                                         
1     0000a292  _eRcvState                                         
1     0000a293  _usSndBufferCount                                  
1     0000a294  _usRcvBufferPos                                    
1     0000a295  _scib_PRD_temp                                     
1     0000a296  _scib_buf                                          
1     0000a29c  _pvMBFrameStartCur                                 
1     0000a29e  _pvMBFrameStopCur                                  
1     0000a2a0  _peMBFrameSendCur                                  
1     0000a2a2  _peMBFrameReceiveCur                               
1     0000a2a4  _pvMBFrameCloseCur                                 
1     0000a2a6  _pxMBFrameCBByteReceived                           
1     0000a2a8  _pxMBFrameCBTransmitterEmpty                       
1     0000a2aa  _pxMBPortCBTimerExpired                            
1     0000a2ac  _pxMBFrameCBReceiveFSMCur                          
1     0000a2ae  _pxMBFrameCBTransmitFSMCur                         
1     0000a2b0  _pucSndBufferCur                                   
1     0000a2b4  _can_rx_fault_cnt                                  
1     0000a2bf  _sci_baud_capture                                  
1     0000a2c0  _eChargeMode                                       
1     0000a2c1  _deg_sDacTmp                                       
1     0000a2c2  _prabhu_test                                       
1     0000a2c3  _IcomTemp                                          
1     0000a2c4  _spi_tx_temp                                       
1     0000a2c5  _Run                                               
1     0000a2c6  _dummy                                             
1     0000a2c7  _Vo_m                                              
1     0000a2c8  _dac_count                                         
1     0000a2c9  _dac_out_a                                         
1     0000a2ca  _dac_out_b                                         
1     0000a2cb  _Average_count                                     
1     0000a2cc  _Current_Average                                   
1     0000a2cd  _dac_a_int                                         
1     0000a2ce  _Io_ad                                             
1     0000a2cf  _Test_Temp                                         
1     0000a2d0  _Test_Temp1                                        
1     0000a2d1  _Vout_Reference                                    
1     0000a2d2  _Iout_Reference                                    
1     0000a2d3  _V_high_limit                                      
1     0000a2d4  _V_low_limit                                       
1     0000a2d5  _fan_speed                                         
1     0000a2d6  _temperature1                                      
1     0000a2d7  _temperature2                                      
1     0000a2d8  _temperature3                                      
1     0000a2d9  _start_stop                                        
1     0000a2da  _fan_pwm_out_trip                                  
1     0000a2db  _fan_pwm_out_trip_old                              
1     0000a2dc  _SendChar                                          
1     0000a2dd  _over_voltage_flag                                 
1     0000a2de  __10ms_flag                                        
1     0000a2df  __1ms_flag                                         
1     0000a2e0  __100us_flag                                       
1     0000a2e1  __50us_flag                                        
1     0000a2e2  __0_1ms_count                                      
1     0000a2e3  _Iref_temp                                         
1     0000a2e4  _DigitalIn                                         
1     0000a2e5  _DigitalIn_old                                     
1     0000a2e6  _DigitalIn_old_old                                 
1     0000a2e7  _Board_ID                                          
1     0000a2e8  _dab_ok_fault                                      
1     0000a2e9  _dab_ok                                            
1     0000a2ea  _type_size                                         
1     0000a2eb  _cpu_timer0_cnt                                    
1     0000a2ec  _cpu_timer1_cnt                                    
1     0000a2ed  _cpu_timer2_cnt                                    
1     0000a2ee  _rx_adc_data                                       
1     0000a2ef  _test_dac                                          
1     0000a2f0  _test_en                                           
1     0000a2f1  _test_en2                                          
1     0000a2f2  _hw_switch                                         
1     0000a2f3  _Buck_EN                                           
1     0000a2f4  _board2_voltage                                    
1     0000a2f5  _board2_current                                    
1     0000a2f6  _tx_count                                          
1     0000a2f7  _count_num                                         
1     0000a2f8  _fifo_err_cnt                                      
1     0000a2f9  _LoopCount                                         
1     0000a2fa  _ErrorCount                                        
1     0000a2fb  __1second_flag                                     
1     0000a2fc  _force_reset_test                                  
1     0000a2fd  _slop                                              
1     0000a2fe  _can_tx_flag                                       
1     0000a2ff  _detect_module_num                                 
1     0000a300  _size_check                                        
1     0000a301  _adc_offset                                        
1     0000a302  _count_num2                                        
1     0000a303  _send_start_flag                                   
1     0000a304  _test_out_A                                        
1     0000a305  _Run_on_count                                      
1     0000a306  _switch_1_old_old                                  
1     0000a307  _switch_1_old                                      
1     0000a308  _switch_1                                          
1     0000a309  _filtered_switch_input                             
1     0000a30a  __10ms_timer                                       
1     0000a30b  _MonitoringCount                                   
1     0000a30c  _hw_fault                                          
1     0000a30d  _GPIO_in                                           
1     0000a30e  _GPIO_in_1                                         
1     0000a30f  _spi_interrupt_cnt                                 
1     0000a310  _epwm1_isr_cnt                                     
1     0000a311  _led2_on                                           
1     0000a312  _epwm3_isr_cnt                                     
1     0000a313  _check_counter                                     
1     0000a316  _mainLoopCount                                     
1     0000a318  _I_com_set                                         
1     0000a31a  _dutyManualGUI                                     
1     0000a31c  _Icom                                              
1     0000a31e  _Icom_ss_old                                       
1     0000a320  _Icom_ss                                           
1     0000a322  _I_com                                             
1     0000a324  _I_ss_old                                          
1     0000a326  _Voh1                                              
1     0000a328  _Vol1                                              
1     0000a32a  _I_ss                                              
1     0000a32c  _I_ss_old2                                         
1     0000a32e  _V_com                                             
1     0000a330  _Voh_com                                           
1     0000a332  _Vol_com                                           
1     0000a334  _KI_out_old                                        
1     0000a336  _KI_out                                            
1     0000a338  _Voh_KI_out                                        
1     0000a33a  _Vol_KI_out                                        
1     0000a33c  _In_Temp                                           
1     0000a33e  _Vo                                                
1     0000a340  _Vo_sen_sum                                        
1     0000a342  _Vo_Err                                            
1     0000a344  _Voh_Err                                           
1     0000a346  _Vol_Err                                           
1     0000a348  _Vo_err_PI_out                                     
1     0000a34a  _Voh_err_PI_out                                    
1     0000a34c  _Vol_err_PI_out                                    
1     0000a34e  _KP_out                                            
1     0000a350  _Voh_KP_out                                        
1     0000a352  _Vol_KP_out                                        
1     0000a354  _Icom_temp                                         
1     0000a356  _Icom_Pos                                          
1     0000a358  _Icom_Pos1                                         
1     0000a35a  _Icom_Neg                                          
1     0000a35c  _Icom_Neg1                                         
1     0000a35e  _Io_avg                                            
1     0000a360  _Io_ad_avg                                         
1     0000a362  _Io_ad_sum                                         
1     0000a364  _Io_sen_sum                                        
1     0000a366  _Temp_ad_sen                                       
1     0000a368  _fan_pwm_duty                                      
1     0000a36a  _fan_pwm_duty_temp                                 
1     0000a36c  _Temp_ad_sen_1                                     
1     0000a36e  _Voffset                                           
1     0000a370  _Vscale                                            
1     0000a372  _Kp                                                
1     0000a374  _Ki                                                
1     0000a376  _Tsampl                                            
1     0000a378  _Temp_ad                                           
1     0000a37a  _Vo_ad                                             
1     0000a37c  _Test_Temp2                                        
1     0000a37e  _Io_sen_real                                       
1     0000a380  _I_manual                                          
1     0000a382  _Vin_monitor                                       
1     0000a384  _Vout_monitor                                      
1     0000a386  _Iout_monitor                                      
1     0000a388  _uf_resistance                                     
1     0000a38a  _Iout_command                                      
1     0000a38c  _Io_sense1                                         
1     0000a38e  _Io_sense2                                         
1     0000a390  _Io_sense3                                         
1     0000a392  _Io_sense4                                         
1     0000a394  _Io_sense5                                         
1     0000a396  _Io_sense6                                         
1     0000a398  _Io_sense7                                         
1     0000a39a  _Io_sense8                                         
1     0000a39c  _Io_sense9                                         
1     0000a39e  _UI_Iout_command                                   
1     0000a3a0  _Io_sen                                            
1     0000a3a2  _Io_sen_total                                      
1     0000a3a4  _Vo_sen_avg                                        
1     0000a3a6  _msg                                               
1     0000a3a8  _fADC_voltage                                      
1     0000a3aa  _Vo_sen                                            
1     0000a3ac  __100khz_count                                     
1     0000a3ae  ___100ms_flag                                      
1     0000a3b0  ___1000ms_flag                                     
1     0000a3b2  _Power                                             
1     0000a3b4  _USART_send_period                                 
1     0000a3b6  _setup_off_timer                                   
1     0000a3b8  _setup_on_timer                                    
1     0000a3ba  _ulCanTRS                                          
1     0000a3bc  _ulCanTRS_Prev                                     
1     0000a3be  _rx_adc_data_buf                                   
1     0000a3c0  _rx_adc_data_buf_sum                               
1     0000a3c2  _rx_adc_data_buf_ave                               
1     0000a3c4  _v_ref                                             
1     0000a3c6  _adc_ramp                                          
1     0000a3c8  _test_val                                          
1     0000a3ca  _I_com_1                                           
1     0000a3cc  _Vo_delta                                          
1     0000a3ce  _Vo_sen_sum_mon                                    
1     0000a3d0  _Vo_Monitor                                        
1     0000a3d2  _Vo_Mean                                           
1     0000a3d4  _ucMBSlaveID                                       
1     0000a3f4  ___TI_enable_exit_profile_output                   
1     0000a3f6  ___TI_cleanup_ptr                                  
1     0000a3f8  ___TI_dtors_ptr                                    
1     0000a3fa  _gSciTxBuf                                         
1     0000a3fe  __lock                                             
1     0000a400  _ucRTUBuf                                          
1     0000a500  _pfnRcvIntHandler                                  
1     0000a502  _pfnTrmIntHandler                                  
1     0000a504  _pfnErrIntHandler                                  
1     0000a506  _ECanaShadow                                       
1     0000a540  _ECanbShadow                                       
1     0000a574  __unlock                                           
1     0000a580  _usRegHoldingBuf                                   
1     0000a5e4  _CpuTimer0                                         
1     0000a5ec  _CpuTimer1                                         
1     0000a5f4  _CpuTimer2                                         
1     0000a600  _usRegInputBuf                                     
1     0000a680  _xFuncHandlers                                     
1     003d7e80  _PartIdRegs                                        
1     003f7ff8  _CsmPwl                                            
abs   00000000  _Cla1funcsLoadSize                                 
abs   00000050  __STACK_SIZE                                       
abs   0000040f  _RamfuncsLoadSize                                  
abs   ffffffff  ___TI_pprof_out_hndl                               
abs   ffffffff  ___TI_prof_data_size                               
abs   ffffffff  ___TI_prof_data_start                              
abs   ffffffff  ___binit__                                         
abs   ffffffff  ___c_args__                                        
abs   ffffffff  ___pinit__                                         
abs   ffffffff  binit                                              
abs   ffffffff  pinit                                              

[563 symbols]
