<?xml version="1.0" encoding="ISO-8859-1" ?>
<link_info>
   <banner>TMS320C2000 Linker PC v22.6.1.LTS</banner>
   <copyright>Copyright (c) 1996-2018 Texas Instruments Incorporated</copyright>
   <link_time>0x67c83beb</link_time>
   <link_errors>0x0</link_errors>
   <output_file>Example_2806x30kw_ac_dc.out</output_file>
   <entry_point>
      <name>code_start</name>
      <address>0x3f7ff6</address>
   </entry_point>
   <input_file_list>
      <input_file id="fl-4">
         <path>.\</path>
         <kind>object</kind>
         <file>CANpie.obj</file>
         <name>CANpie.obj</name>
      </input_file>
      <input_file id="fl-5">
         <path>.\</path>
         <kind>object</kind>
         <file>CANpieTest.obj</file>
         <name>CANpieTest.obj</name>
      </input_file>
      <input_file id="fl-6">
         <path>.\</path>
         <kind>object</kind>
         <file>F2806x_Adc.obj</file>
         <name>F2806x_Adc.obj</name>
      </input_file>
      <input_file id="fl-7">
         <path>.\</path>
         <kind>object</kind>
         <file>F2806x_CodeStartBranch.obj</file>
         <name>F2806x_CodeStartBranch.obj</name>
      </input_file>
      <input_file id="fl-8">
         <path>.\</path>
         <kind>object</kind>
         <file>F2806x_CpuTimers.obj</file>
         <name>F2806x_CpuTimers.obj</name>
      </input_file>
      <input_file id="fl-9">
         <path>.\</path>
         <kind>object</kind>
         <file>F2806x_DefaultIsr.obj</file>
         <name>F2806x_DefaultIsr.obj</name>
      </input_file>
      <input_file id="fl-a">
         <path>.\</path>
         <kind>object</kind>
         <file>F2806x_ECan.obj</file>
         <name>F2806x_ECan.obj</name>
      </input_file>
      <input_file id="fl-b">
         <path>.\</path>
         <kind>object</kind>
         <file>F2806x_EPwm.obj</file>
         <name>F2806x_EPwm.obj</name>
      </input_file>
      <input_file id="fl-c">
         <path>.\</path>
         <kind>object</kind>
         <file>F2806x_GlobalVariableDefs.obj</file>
         <name>F2806x_GlobalVariableDefs.obj</name>
      </input_file>
      <input_file id="fl-d">
         <path>.\</path>
         <kind>object</kind>
         <file>F2806x_Gpio.obj</file>
         <name>F2806x_Gpio.obj</name>
      </input_file>
      <input_file id="fl-e">
         <path>.\</path>
         <kind>object</kind>
         <file>F2806x_PieCtrl.obj</file>
         <name>F2806x_PieCtrl.obj</name>
      </input_file>
      <input_file id="fl-f">
         <path>.\</path>
         <kind>object</kind>
         <file>F2806x_PieVect.obj</file>
         <name>F2806x_PieVect.obj</name>
      </input_file>
      <input_file id="fl-10">
         <path>.\</path>
         <kind>object</kind>
         <file>F2806x_Sci.obj</file>
         <name>F2806x_Sci.obj</name>
      </input_file>
      <input_file id="fl-11">
         <path>.\</path>
         <kind>object</kind>
         <file>F2806x_Spi.obj</file>
         <name>F2806x_Spi.obj</name>
      </input_file>
      <input_file id="fl-12">
         <path>.\</path>
         <kind>object</kind>
         <file>F2806x_SysCtrl.obj</file>
         <name>F2806x_SysCtrl.obj</name>
      </input_file>
      <input_file id="fl-13">
         <path>.\</path>
         <kind>object</kind>
         <file>F2806x_usDelay.obj</file>
         <name>F2806x_usDelay.obj</name>
      </input_file>
      <input_file id="fl-14">
         <path>.\</path>
         <kind>object</kind>
         <file>Terminal.obj</file>
         <name>Terminal.obj</name>
      </input_file>
      <input_file id="fl-15">
         <path>.\</path>
         <kind>object</kind>
         <file>modbus.obj</file>
         <name>modbus.obj</name>
      </input_file>
      <input_file id="fl-16">
         <path>.\</path>
         <kind>object</kind>
         <file>sicDCDC35kw.obj</file>
         <name>sicDCDC35kw.obj</name>
      </input_file>
      <input_file id="fl-17">
         <path>.\</path>
         <kind>object</kind>
         <file>sicDCDC35kw_setting.obj</file>
         <name>sicDCDC35kw_setting.obj</name>
      </input_file>
      <input_file id="fl-1d">
         <kind>object</kind>
         <file>&lt;internal&gt;</file>
         <name>&lt;internal&gt;</name>
      </input_file>
      <input_file id="fl-29">
         <path>C:\ti\C2000Ware_5_04_00_00\libraries\math\FPUfastRTS\c28\lib\</path>
         <kind>archive</kind>
         <file>rts2800_fpu32_fast_supplement_coff.lib</file>
         <name>div_f32.obj</name>
      </input_file>
      <input_file id="fl-2a">
         <path>C:\ti\ccs1280\ccs\tools\compiler\ti-cgt-c2000_22.6.1.LTS\lib\</path>
         <kind>archive</kind>
         <file>rts2800_fpu32.lib</file>
         <name>u_div28.asm.obj</name>
      </input_file>
      <input_file id="fl-2b">
         <path>C:\ti\ccs1280\ccs\tools\compiler\ti-cgt-c2000_22.6.1.LTS\lib\</path>
         <kind>archive</kind>
         <file>rts2800_fpu32.lib</file>
         <name>boot28.asm.obj</name>
      </input_file>
      <input_file id="fl-2c">
         <path>C:\ti\ccs1280\ccs\tools\compiler\ti-cgt-c2000_22.6.1.LTS\lib\</path>
         <kind>archive</kind>
         <file>rts2800_fpu32.lib</file>
         <name>args_main.c.obj</name>
      </input_file>
      <input_file id="fl-2d">
         <path>C:\ti\ccs1280\ccs\tools\compiler\ti-cgt-c2000_22.6.1.LTS\lib\</path>
         <kind>archive</kind>
         <file>rts2800_fpu32.lib</file>
         <name>startup.c.obj</name>
      </input_file>
      <input_file id="fl-2e">
         <path>C:\ti\ccs1280\ccs\tools\compiler\ti-cgt-c2000_22.6.1.LTS\lib\</path>
         <kind>archive</kind>
         <file>rts2800_fpu32.lib</file>
         <name>pre_init.c.obj</name>
      </input_file>
      <input_file id="fl-2f">
         <path>C:\ti\ccs1280\ccs\tools\compiler\ti-cgt-c2000_22.6.1.LTS\lib\</path>
         <kind>archive</kind>
         <file>rts2800_fpu32.lib</file>
         <name>cpy_tbl.c.obj</name>
      </input_file>
      <input_file id="fl-30">
         <path>C:\ti\ccs1280\ccs\tools\compiler\ti-cgt-c2000_22.6.1.LTS\lib\</path>
         <kind>archive</kind>
         <file>rts2800_fpu32.lib</file>
         <name>exit.c.obj</name>
      </input_file>
      <input_file id="fl-31">
         <path>C:\ti\ccs1280\ccs\tools\compiler\ti-cgt-c2000_22.6.1.LTS\lib\</path>
         <kind>archive</kind>
         <file>rts2800_fpu32.lib</file>
         <name>_lock.c.obj</name>
      </input_file>
      <input_file id="fl-32">
         <path>C:\ti\ccs1280\ccs\tools\compiler\ti-cgt-c2000_22.6.1.LTS\lib\</path>
         <kind>archive</kind>
         <file>rts2800_fpu32.lib</file>
         <name>memcpy.c.obj</name>
      </input_file>
      <input_file id="fl-33">
         <path>C:\ti\ccs1280\ccs\tools\compiler\ti-cgt-c2000_22.6.1.LTS\lib\</path>
         <kind>archive</kind>
         <file>rts2800_fpu32.lib</file>
         <name>toupper.c.obj</name>
      </input_file>
      <input_file id="fl-34">
         <path>C:\ti\ccs1280\ccs\tools\compiler\ti-cgt-c2000_22.6.1.LTS\lib\</path>
         <kind>archive</kind>
         <file>rts2800_fpu32.lib</file>
         <name>ctype.c.obj</name>
      </input_file>
   </input_file_list>
   <object_component_list>
      <object_component id="oc-f1">
         <name>.cinit</name>
         <load_address>0x3f590f</load_address>
         <run_address>0x3f590f</run_address>
         <size>0x214</size>
         <input_file_ref idref="fl-16"/>
      </object_component>
      <object_component id="oc-e1">
         <name>.cinit</name>
         <load_address>0x3f5b23</load_address>
         <run_address>0x3f5b23</run_address>
         <size>0x4c</size>
         <input_file_ref idref="fl-14"/>
      </object_component>
      <object_component id="oc-e9">
         <name>.cinit</name>
         <load_address>0x3f5b6f</load_address>
         <run_address>0x3f5b6f</run_address>
         <size>0x20</size>
         <input_file_ref idref="fl-15"/>
      </object_component>
      <object_component id="oc-155">
         <name>.cinit:_xFuncHandlers</name>
         <load_address>0x3f5b8f</load_address>
         <run_address>0x3f5b8f</run_address>
         <size>0x1b</size>
         <input_file_ref idref="fl-15"/>
      </object_component>
      <object_component id="oc-127">
         <name>.cinit</name>
         <load_address>0x3f5baa</load_address>
         <run_address>0x3f5baa</run_address>
         <size>0xe</size>
         <input_file_ref idref="fl-30"/>
      </object_component>
      <object_component id="oc-140">
         <name>.cinit:_gSciTxBuf</name>
         <load_address>0x3f5bb8</load_address>
         <run_address>0x3f5bb8</run_address>
         <size>0x7</size>
         <input_file_ref idref="fl-16"/>
      </object_component>
      <object_component id="oc-159">
         <name>.cinit:__lock</name>
         <load_address>0x3f5bbf</load_address>
         <run_address>0x3f5bbf</run_address>
         <size>0x5</size>
         <input_file_ref idref="fl-31"/>
      </object_component>
      <object_component id="oc-15f">
         <name>.cinit:__unlock</name>
         <load_address>0x3f5bc4</load_address>
         <run_address>0x3f5bc4</run_address>
         <size>0x5</size>
         <input_file_ref idref="fl-31"/>
      </object_component>
      <object_component id="oc-fb">
         <name>.cinit</name>
         <load_address>0x3f5bc9</load_address>
         <run_address>0x3f5bc9</run_address>
         <size>0x4</size>
         <input_file_ref idref="fl-17"/>
      </object_component>
      <object_component id="oc-154">
         <name>.text</name>
         <load_address>0x3f4000</load_address>
         <run_address>0x3f4000</run_address>
         <size>0x617</size>
         <input_file_ref idref="fl-15"/>
      </object_component>
      <object_component id="oc-13e">
         <name>.text</name>
         <load_address>0x3f4617</load_address>
         <run_address>0x3f4617</run_address>
         <size>0x4ca</size>
         <input_file_ref idref="fl-16"/>
      </object_component>
      <object_component id="oc-73">
         <name>.text:retain</name>
         <load_address>0x3f4ae1</load_address>
         <run_address>0x3f4ae1</run_address>
         <size>0x39b</size>
         <input_file_ref idref="fl-9"/>
      </object_component>
      <object_component id="oc-148">
         <name>.text</name>
         <load_address>0x3f4e7c</load_address>
         <run_address>0x3f4e7c</run_address>
         <size>0x25d</size>
         <input_file_ref idref="fl-17"/>
      </object_component>
      <object_component id="oc-150">
         <name>.text</name>
         <load_address>0x3f50d9</load_address>
         <run_address>0x3f50d9</run_address>
         <size>0x237</size>
         <input_file_ref idref="fl-6"/>
      </object_component>
      <object_component id="oc-146">
         <name>.text</name>
         <load_address>0x3f5310</load_address>
         <run_address>0x3f5310</run_address>
         <size>0x18a</size>
         <input_file_ref idref="fl-12"/>
      </object_component>
      <object_component id="oc-149">
         <name>.text</name>
         <load_address>0x3f549a</load_address>
         <run_address>0x3f549a</run_address>
         <size>0xd8</size>
         <input_file_ref idref="fl-b"/>
      </object_component>
      <object_component id="oc-eb">
         <name>.text:retain</name>
         <load_address>0x3f5572</load_address>
         <run_address>0x3f5572</run_address>
         <size>0xaf</size>
         <input_file_ref idref="fl-15"/>
      </object_component>
      <object_component id="oc-14f">
         <name>.text</name>
         <load_address>0x3f5621</load_address>
         <run_address>0x3f5621</run_address>
         <size>0x84</size>
         <input_file_ref idref="fl-a"/>
      </object_component>
      <object_component id="oc-151">
         <name>.text</name>
         <load_address>0x3f56a5</load_address>
         <run_address>0x3f56a5</run_address>
         <size>0x76</size>
         <input_file_ref idref="fl-8"/>
      </object_component>
      <object_component id="oc-10b">
         <name>.text</name>
         <load_address>0x3f571b</load_address>
         <run_address>0x3f571b</run_address>
         <size>0x56</size>
         <input_file_ref idref="fl-2b"/>
      </object_component>
      <object_component id="oc-f4">
         <name>.text:retain</name>
         <load_address>0x3f5771</load_address>
         <run_address>0x3f5771</run_address>
         <size>0x3a</size>
         <input_file_ref idref="fl-16"/>
      </object_component>
      <object_component id="oc-14a">
         <name>.text</name>
         <load_address>0x3f57ab</load_address>
         <run_address>0x3f57ab</run_address>
         <size>0x36</size>
         <input_file_ref idref="fl-11"/>
      </object_component>
      <object_component id="oc-14d">
         <name>.text</name>
         <load_address>0x3f57e1</load_address>
         <run_address>0x3f57e1</run_address>
         <size>0x2c</size>
         <input_file_ref idref="fl-10"/>
      </object_component>
      <object_component id="oc-145">
         <name>.text</name>
         <load_address>0x3f580d</load_address>
         <run_address>0x3f580d</run_address>
         <size>0x29</size>
         <input_file_ref idref="fl-30"/>
      </object_component>
      <object_component id="oc-14b">
         <name>.text</name>
         <load_address>0x3f5836</load_address>
         <run_address>0x3f5836</run_address>
         <size>0x28</size>
         <input_file_ref idref="fl-e"/>
      </object_component>
      <object_component id="oc-14e">
         <name>.text</name>
         <load_address>0x3f585e</load_address>
         <run_address>0x3f585e</run_address>
         <size>0x26</size>
         <input_file_ref idref="fl-f"/>
      </object_component>
      <object_component id="oc-142">
         <name>.text</name>
         <load_address>0x3f5884</load_address>
         <run_address>0x3f5884</run_address>
         <size>0x24</size>
         <input_file_ref idref="fl-2f"/>
      </object_component>
      <object_component id="oc-147">
         <name>.text</name>
         <load_address>0x3f58a8</load_address>
         <run_address>0x3f58a8</run_address>
         <size>0x1d</size>
         <input_file_ref idref="fl-32"/>
      </object_component>
      <object_component id="oc-101">
         <name>.text</name>
         <load_address>0x3f58c5</load_address>
         <run_address>0x3f58c5</run_address>
         <size>0x19</size>
         <input_file_ref idref="fl-29"/>
      </object_component>
      <object_component id="oc-144">
         <name>.text</name>
         <load_address>0x3f58de</load_address>
         <run_address>0x3f58de</run_address>
         <size>0x12</size>
         <input_file_ref idref="fl-2c"/>
      </object_component>
      <object_component id="oc-106">
         <name>.text</name>
         <load_address>0x3f58f0</load_address>
         <run_address>0x3f58f0</run_address>
         <size>0xb</size>
         <input_file_ref idref="fl-2a"/>
      </object_component>
      <object_component id="oc-15e">
         <name>.text</name>
         <load_address>0x3f58fb</load_address>
         <run_address>0x3f58fb</run_address>
         <size>0x9</size>
         <input_file_ref idref="fl-31"/>
      </object_component>
      <object_component id="oc-67">
         <name>.text</name>
         <load_address>0x3f5904</load_address>
         <run_address>0x3f5904</run_address>
         <size>0x8</size>
         <input_file_ref idref="fl-7"/>
      </object_component>
      <object_component id="oc-141">
         <name>.text</name>
         <load_address>0x3f590c</load_address>
         <run_address>0x3f590c</run_address>
         <size>0x2</size>
         <input_file_ref idref="fl-2e"/>
      </object_component>
      <object_component id="oc-143">
         <name>.text</name>
         <load_address>0x3f590e</load_address>
         <run_address>0x3f590e</run_address>
         <size>0x1</size>
         <input_file_ref idref="fl-2d"/>
      </object_component>
      <object_component id="oc-56">
         <name>codestart</name>
         <load_address>0x3f7ff6</load_address>
         <run_address>0x3f7ff6</run_address>
         <size>0x2</size>
         <input_file_ref idref="fl-7"/>
      </object_component>
      <object_component id="oc-f3">
         <name>ramfuncs:retain</name>
         <load_address>0x3e8000</load_address>
         <run_address>0x8000</run_address>
         <size>0x2cf</size>
         <input_file_ref idref="fl-16"/>
      </object_component>
      <object_component id="oc-157">
         <name>ramfuncs</name>
         <load_address>0x3e82cf</load_address>
         <run_address>0x82cf</run_address>
         <size>0x121</size>
         <input_file_ref idref="fl-16"/>
      </object_component>
      <object_component id="oc-14c">
         <name>ramfuncs</name>
         <load_address>0x3e83f0</load_address>
         <run_address>0x83f0</run_address>
         <size>0x1b</size>
         <input_file_ref idref="fl-12"/>
      </object_component>
      <object_component id="oc-db">
         <name>ramfuncs</name>
         <load_address>0x3e840b</load_address>
         <run_address>0x840b</run_address>
         <size>0x4</size>
         <input_file_ref idref="fl-13"/>
      </object_component>
      <object_component id="oc-10c">
         <name>.stack</name>
         <uninitialized>true</uninitialized>
         <run_address>0x50</run_address>
         <size>0x0</size>
         <input_file_ref idref="fl-2b"/>
      </object_component>
      <object_component id="oc-1be">
         <name>.stack</name>
         <uninitialized>true</uninitialized>
         <run_address>0x50</run_address>
         <size>0x0</size>
      </object_component>
      <object_component id="oc-58">
         <name>.ebss</name>
         <uninitialized>true</uninitialized>
         <run_address>0xa500</run_address>
         <size>0x74</size>
         <input_file_ref idref="fl-4"/>
      </object_component>
      <object_component id="oc-6d">
         <name>.ebss</name>
         <uninitialized>true</uninitialized>
         <run_address>0xa5e4</run_address>
         <size>0x18</size>
         <input_file_ref idref="fl-8"/>
      </object_component>
      <object_component id="oc-e2">
         <name>.ebss</name>
         <uninitialized>true</uninitialized>
         <run_address>0xa000</run_address>
         <size>0x284</size>
         <input_file_ref idref="fl-14"/>
      </object_component>
      <object_component id="oc-ea">
         <name>.ebss</name>
         <uninitialized>true</uninitialized>
         <run_address>0xa284</run_address>
         <size>0x30</size>
         <input_file_ref idref="fl-15"/>
      </object_component>
      <object_component id="oc-15d">
         <name>.ebss:_ucMBSlaveID</name>
         <uninitialized>true</uninitialized>
         <run_address>0xa3d4</run_address>
         <size>0x20</size>
         <input_file_ref idref="fl-15"/>
      </object_component>
      <object_component id="oc-15b">
         <name>.ebss:_xFuncHandlers</name>
         <uninitialized>true</uninitialized>
         <run_address>0xa680</run_address>
         <size>0x40</size>
         <input_file_ref idref="fl-15"/>
      </object_component>
      <object_component id="oc-152">
         <name>.ebss:_usRegInputBuf</name>
         <uninitialized>true</uninitialized>
         <run_address>0xa600</run_address>
         <size>0x64</size>
         <input_file_ref idref="fl-15"/>
      </object_component>
      <object_component id="oc-153">
         <name>.ebss:_usRegHoldingBuf</name>
         <uninitialized>true</uninitialized>
         <run_address>0xa580</run_address>
         <size>0x64</size>
         <input_file_ref idref="fl-15"/>
      </object_component>
      <object_component id="oc-15c">
         <name>.ebss:_ucRTUBuf</name>
         <uninitialized>true</uninitialized>
         <run_address>0xa400</run_address>
         <size>0x100</size>
         <input_file_ref idref="fl-15"/>
      </object_component>
      <object_component id="oc-f2">
         <name>.ebss</name>
         <uninitialized>true</uninitialized>
         <run_address>0xa2c0</run_address>
         <size>0x114</size>
         <input_file_ref idref="fl-16"/>
      </object_component>
      <object_component id="oc-13f">
         <name>.ebss:_gSciTxBuf</name>
         <uninitialized>true</uninitialized>
         <run_address>0xa3fa</run_address>
         <size>0x4</size>
         <input_file_ref idref="fl-16"/>
      </object_component>
      <object_component id="oc-156">
         <name>.ebss:_can_rx_fault_cnt</name>
         <uninitialized>true</uninitialized>
         <run_address>0xa2b4</run_address>
         <size>0xb</size>
         <input_file_ref idref="fl-16"/>
      </object_component>
      <object_component id="oc-fc">
         <name>.ebss</name>
         <uninitialized>true</uninitialized>
         <run_address>0xa2bf</run_address>
         <size>0x1</size>
         <input_file_ref idref="fl-17"/>
      </object_component>
      <object_component id="oc-128">
         <name>.ebss</name>
         <uninitialized>true</uninitialized>
         <run_address>0xa3f4</run_address>
         <size>0x6</size>
         <input_file_ref idref="fl-30"/>
      </object_component>
      <object_component id="oc-158">
         <name>.ebss:__lock</name>
         <uninitialized>true</uninitialized>
         <run_address>0xa3fe</run_address>
         <size>0x2</size>
         <input_file_ref idref="fl-31"/>
      </object_component>
      <object_component id="oc-160">
         <name>.ebss:__unlock</name>
         <uninitialized>true</uninitialized>
         <run_address>0xa574</run_address>
         <size>0x2</size>
         <input_file_ref idref="fl-31"/>
      </object_component>
      <object_component id="oc-15a">
         <name>.econst:_PieVectTableInit</name>
         <load_address>0x3f5bd0</load_address>
         <run_address>0x3f5bd0</run_address>
         <size>0x100</size>
         <input_file_ref idref="fl-f"/>
      </object_component>
      <object_component id="oc-f5">
         <name>.econst:.string</name>
         <load_address>0x3f5cd0</load_address>
         <run_address>0x3f5cd0</run_address>
         <size>0xd</size>
         <input_file_ref idref="fl-16"/>
      </object_component>
      <object_component id="oc-e3">
         <name>.econst:.string</name>
         <load_address>0x3f5cde</load_address>
         <run_address>0x3f5cde</run_address>
         <size>0x2</size>
         <input_file_ref idref="fl-14"/>
      </object_component>
      <object_component id="oc-10d">
         <name>.reset</name>
         <load_address>0x3fffc0</load_address>
         <run_address>0x3fffc0</run_address>
         <size>0x2</size>
         <input_file_ref idref="fl-2b"/>
      </object_component>
      <object_component id="oc-ba">
         <name>PieVectTableFile</name>
         <uninitialized>true</uninitialized>
         <run_address>0xd00</run_address>
         <size>0x100</size>
         <input_file_ref idref="fl-c"/>
      </object_component>
      <object_component id="oc-84">
         <name>EmuKeyVar</name>
         <uninitialized>true</uninitialized>
         <run_address>0xd00</run_address>
         <size>0x1</size>
         <input_file_ref idref="fl-c"/>
      </object_component>
      <object_component id="oc-85">
         <name>EmuBModeVar</name>
         <uninitialized>true</uninitialized>
         <run_address>0xd01</run_address>
         <size>0x1</size>
         <input_file_ref idref="fl-c"/>
      </object_component>
      <object_component id="oc-87">
         <name>FlashCallbackVar</name>
         <uninitialized>true</uninitialized>
         <run_address>0xd02</run_address>
         <size>0x2</size>
         <input_file_ref idref="fl-c"/>
      </object_component>
      <object_component id="oc-86">
         <name>FlashScalingVar</name>
         <uninitialized>true</uninitialized>
         <run_address>0xd04</run_address>
         <size>0x2</size>
         <input_file_ref idref="fl-c"/>
      </object_component>
      <object_component id="oc-89">
         <name>DevEmuRegsFile</name>
         <uninitialized>true</uninitialized>
         <run_address>0x880</run_address>
         <size>0x4</size>
         <input_file_ref idref="fl-c"/>
      </object_component>
      <object_component id="oc-88">
         <name>SysPwrCtrlRegsFile</name>
         <uninitialized>true</uninitialized>
         <run_address>0x985</run_address>
         <size>0x3</size>
         <input_file_ref idref="fl-c"/>
      </object_component>
      <object_component id="oc-8e">
         <name>FlashRegsFile</name>
         <uninitialized>true</uninitialized>
         <run_address>0xa80</run_address>
         <size>0x8</size>
         <input_file_ref idref="fl-c"/>
      </object_component>
      <object_component id="oc-90">
         <name>CsmRegsFile</name>
         <uninitialized>true</uninitialized>
         <run_address>0xae0</run_address>
         <size>0x10</size>
         <input_file_ref idref="fl-c"/>
      </object_component>
      <object_component id="oc-8f">
         <name>AdcResultFile</name>
         <uninitialized>true</uninitialized>
         <run_address>0xb00</run_address>
         <size>0x10</size>
         <input_file_ref idref="fl-c"/>
      </object_component>
      <object_component id="oc-8a">
         <name>CpuTimer0RegsFile</name>
         <uninitialized>true</uninitialized>
         <run_address>0xc00</run_address>
         <size>0x8</size>
         <input_file_ref idref="fl-c"/>
      </object_component>
      <object_component id="oc-8b">
         <name>CpuTimer1RegsFile</name>
         <uninitialized>true</uninitialized>
         <run_address>0xc08</run_address>
         <size>0x8</size>
         <input_file_ref idref="fl-c"/>
      </object_component>
      <object_component id="oc-8c">
         <name>CpuTimer2RegsFile</name>
         <uninitialized>true</uninitialized>
         <run_address>0xc10</run_address>
         <size>0x8</size>
         <input_file_ref idref="fl-c"/>
      </object_component>
      <object_component id="oc-9a">
         <name>PieCtrlRegsFile</name>
         <uninitialized>true</uninitialized>
         <run_address>0xce0</run_address>
         <size>0x1a</size>
         <input_file_ref idref="fl-c"/>
      </object_component>
      <object_component id="oc-aa">
         <name>Cla1RegsFile</name>
         <uninitialized>true</uninitialized>
         <run_address>0x1400</run_address>
         <size>0x40</size>
         <input_file_ref idref="fl-c"/>
      </object_component>
      <object_component id="oc-b8">
         <name>DmaRegsFile</name>
         <uninitialized>true</uninitialized>
         <run_address>0x1000</run_address>
         <size>0xe0</size>
         <input_file_ref idref="fl-c"/>
      </object_component>
      <object_component id="oc-a9">
         <name>ECanaRegsFile</name>
         <uninitialized>true</uninitialized>
         <run_address>0x6000</run_address>
         <size>0x34</size>
         <input_file_ref idref="fl-c"/>
      </object_component>
      <object_component id="oc-ab">
         <name>ECanaLAMRegsFile</name>
         <uninitialized>true</uninitialized>
         <run_address>0x6040</run_address>
         <size>0x40</size>
         <input_file_ref idref="fl-c"/>
      </object_component>
      <object_component id="oc-b9">
         <name>ECanaMboxesFile</name>
         <uninitialized>true</uninitialized>
         <run_address>0x6100</run_address>
         <size>0x100</size>
         <input_file_ref idref="fl-c"/>
      </object_component>
      <object_component id="oc-ac">
         <name>ECanaMOTSRegsFile</name>
         <uninitialized>true</uninitialized>
         <run_address>0x6080</run_address>
         <size>0x40</size>
         <input_file_ref idref="fl-c"/>
      </object_component>
      <object_component id="oc-ad">
         <name>ECanaMOTORegsFile</name>
         <uninitialized>true</uninitialized>
         <run_address>0x60c0</run_address>
         <size>0x40</size>
         <input_file_ref idref="fl-c"/>
      </object_component>
      <object_component id="oc-9b">
         <name>ECap1RegsFile</name>
         <uninitialized>true</uninitialized>
         <run_address>0x6a00</run_address>
         <size>0x20</size>
         <input_file_ref idref="fl-c"/>
      </object_component>
      <object_component id="oc-9c">
         <name>ECap2RegsFile</name>
         <uninitialized>true</uninitialized>
         <run_address>0x6a20</run_address>
         <size>0x20</size>
         <input_file_ref idref="fl-c"/>
      </object_component>
      <object_component id="oc-9d">
         <name>ECap3RegsFile</name>
         <uninitialized>true</uninitialized>
         <run_address>0x6a40</run_address>
         <size>0x20</size>
         <input_file_ref idref="fl-c"/>
      </object_component>
      <object_component id="oc-a4">
         <name>EQep1RegsFile</name>
         <uninitialized>true</uninitialized>
         <run_address>0x6b00</run_address>
         <size>0x22</size>
         <input_file_ref idref="fl-c"/>
      </object_component>
      <object_component id="oc-a5">
         <name>EQep2RegsFile</name>
         <uninitialized>true</uninitialized>
         <run_address>0x6b40</run_address>
         <size>0x22</size>
         <input_file_ref idref="fl-c"/>
      </object_component>
      <object_component id="oc-b6">
         <name>GpioCtrlRegsFile</name>
         <uninitialized>true</uninitialized>
         <run_address>0x6f80</run_address>
         <size>0x40</size>
         <input_file_ref idref="fl-c"/>
      </object_component>
      <object_component id="oc-9e">
         <name>GpioDataRegsFile</name>
         <uninitialized>true</uninitialized>
         <run_address>0x6fc0</run_address>
         <size>0x20</size>
         <input_file_ref idref="fl-c"/>
      </object_component>
      <object_component id="oc-9f">
         <name>GpioIntRegsFile</name>
         <uninitialized>true</uninitialized>
         <run_address>0x6fe0</run_address>
         <size>0x20</size>
         <input_file_ref idref="fl-c"/>
      </object_component>
      <object_component id="oc-a0">
         <name>HRCap1RegsFile</name>
         <uninitialized>true</uninitialized>
         <run_address>0x6ac0</run_address>
         <size>0x20</size>
         <input_file_ref idref="fl-c"/>
      </object_component>
      <object_component id="oc-a1">
         <name>HRCap2RegsFile</name>
         <uninitialized>true</uninitialized>
         <run_address>0x6ae0</run_address>
         <size>0x20</size>
         <input_file_ref idref="fl-c"/>
      </object_component>
      <object_component id="oc-a2">
         <name>HRCap3RegsFile</name>
         <uninitialized>true</uninitialized>
         <run_address>0x6c80</run_address>
         <size>0x20</size>
         <input_file_ref idref="fl-c"/>
      </object_component>
      <object_component id="oc-a3">
         <name>HRCap4RegsFile</name>
         <uninitialized>true</uninitialized>
         <run_address>0x6ca0</run_address>
         <size>0x20</size>
         <input_file_ref idref="fl-c"/>
      </object_component>
      <object_component id="oc-a8">
         <name>SysCtrlRegsFile</name>
         <uninitialized>true</uninitialized>
         <run_address>0x7010</run_address>
         <size>0x30</size>
         <input_file_ref idref="fl-c"/>
      </object_component>
      <object_component id="oc-94">
         <name>SpiaRegsFile</name>
         <uninitialized>true</uninitialized>
         <run_address>0x7040</run_address>
         <size>0x10</size>
         <input_file_ref idref="fl-c"/>
      </object_component>
      <object_component id="oc-95">
         <name>SpibRegsFile</name>
         <uninitialized>true</uninitialized>
         <run_address>0x7740</run_address>
         <size>0x10</size>
         <input_file_ref idref="fl-c"/>
      </object_component>
      <object_component id="oc-92">
         <name>SciaRegsFile</name>
         <uninitialized>true</uninitialized>
         <run_address>0x7050</run_address>
         <size>0x10</size>
         <input_file_ref idref="fl-c"/>
      </object_component>
      <object_component id="oc-93">
         <name>ScibRegsFile</name>
         <uninitialized>true</uninitialized>
         <run_address>0x7750</run_address>
         <size>0x10</size>
         <input_file_ref idref="fl-c"/>
      </object_component>
      <object_component id="oc-91">
         <name>NmiIntruptRegsFile</name>
         <uninitialized>true</uninitialized>
         <run_address>0x7060</run_address>
         <size>0x10</size>
         <input_file_ref idref="fl-c"/>
      </object_component>
      <object_component id="oc-96">
         <name>XIntruptRegsFile</name>
         <uninitialized>true</uninitialized>
         <run_address>0x7070</run_address>
         <size>0x10</size>
         <input_file_ref idref="fl-c"/>
      </object_component>
      <object_component id="oc-b7">
         <name>AdcRegsFile</name>
         <uninitialized>true</uninitialized>
         <run_address>0x7100</run_address>
         <size>0x50</size>
         <input_file_ref idref="fl-c"/>
      </object_component>
      <object_component id="oc-a6">
         <name>I2caRegsFile</name>
         <uninitialized>true</uninitialized>
         <run_address>0x7900</run_address>
         <size>0x22</size>
         <input_file_ref idref="fl-c"/>
      </object_component>
      <object_component id="oc-97">
         <name>Comp1RegsFile</name>
         <uninitialized>true</uninitialized>
         <run_address>0x6400</run_address>
         <size>0x14</size>
         <input_file_ref idref="fl-c"/>
      </object_component>
      <object_component id="oc-98">
         <name>Comp2RegsFile</name>
         <uninitialized>true</uninitialized>
         <run_address>0x6420</run_address>
         <size>0x14</size>
         <input_file_ref idref="fl-c"/>
      </object_component>
      <object_component id="oc-99">
         <name>Comp3RegsFile</name>
         <uninitialized>true</uninitialized>
         <run_address>0x6440</run_address>
         <size>0x14</size>
         <input_file_ref idref="fl-c"/>
      </object_component>
      <object_component id="oc-ae">
         <name>EPwm1RegsFile</name>
         <uninitialized>true</uninitialized>
         <run_address>0x6800</run_address>
         <size>0x40</size>
         <input_file_ref idref="fl-c"/>
      </object_component>
      <object_component id="oc-af">
         <name>EPwm2RegsFile</name>
         <uninitialized>true</uninitialized>
         <run_address>0x6840</run_address>
         <size>0x40</size>
         <input_file_ref idref="fl-c"/>
      </object_component>
      <object_component id="oc-b0">
         <name>EPwm3RegsFile</name>
         <uninitialized>true</uninitialized>
         <run_address>0x6880</run_address>
         <size>0x40</size>
         <input_file_ref idref="fl-c"/>
      </object_component>
      <object_component id="oc-b1">
         <name>EPwm4RegsFile</name>
         <uninitialized>true</uninitialized>
         <run_address>0x68c0</run_address>
         <size>0x40</size>
         <input_file_ref idref="fl-c"/>
      </object_component>
      <object_component id="oc-b2">
         <name>EPwm5RegsFile</name>
         <uninitialized>true</uninitialized>
         <run_address>0x6900</run_address>
         <size>0x40</size>
         <input_file_ref idref="fl-c"/>
      </object_component>
      <object_component id="oc-b3">
         <name>EPwm6RegsFile</name>
         <uninitialized>true</uninitialized>
         <run_address>0x6940</run_address>
         <size>0x40</size>
         <input_file_ref idref="fl-c"/>
      </object_component>
      <object_component id="oc-b4">
         <name>EPwm7RegsFile</name>
         <uninitialized>true</uninitialized>
         <run_address>0x6980</run_address>
         <size>0x40</size>
         <input_file_ref idref="fl-c"/>
      </object_component>
      <object_component id="oc-b5">
         <name>EPwm8RegsFile</name>
         <uninitialized>true</uninitialized>
         <run_address>0x69c0</run_address>
         <size>0x40</size>
         <input_file_ref idref="fl-c"/>
      </object_component>
      <object_component id="oc-a7">
         <name>McbspaRegsFile</name>
         <uninitialized>true</uninitialized>
         <run_address>0x5000</run_address>
         <size>0x24</size>
         <input_file_ref idref="fl-c"/>
      </object_component>
      <object_component id="oc-bb">
         <name>Usb0RegsFile</name>
         <uninitialized>true</uninitialized>
         <run_address>0x4000</run_address>
         <size>0x454</size>
         <input_file_ref idref="fl-c"/>
      </object_component>
      <object_component id="oc-8d">
         <name>CsmPwlFile</name>
         <uninitialized>true</uninitialized>
         <run_address>0x3f7ff8</run_address>
         <size>0x8</size>
         <input_file_ref idref="fl-c"/>
      </object_component>
      <object_component id="oc-83">
         <name>PartIdRegsFile</name>
         <uninitialized>true</uninitialized>
         <run_address>0x3d7e80</run_address>
         <size>0x1</size>
         <input_file_ref idref="fl-c"/>
      </object_component>
      <object_component id="oc-57">
         <name>.debug_info</name>
         <load_address>0x0</load_address>
         <run_address>0x0</run_address>
         <size>0x60b6</size>
         <input_file_ref idref="fl-4"/>
      </object_component>
      <object_component id="oc-5d">
         <name>.debug_info</name>
         <load_address>0x60b6</load_address>
         <run_address>0x60b6</run_address>
         <size>0x7ec</size>
         <input_file_ref idref="fl-5"/>
      </object_component>
      <object_component id="oc-62">
         <name>.debug_info</name>
         <load_address>0x68a2</load_address>
         <run_address>0x68a2</run_address>
         <size>0x4c0f</size>
         <input_file_ref idref="fl-6"/>
      </object_component>
      <object_component id="oc-69">
         <name>.debug_info</name>
         <load_address>0xb4b1</load_address>
         <run_address>0xb4b1</run_address>
         <size>0x1d6</size>
         <input_file_ref idref="fl-7"/>
      </object_component>
      <object_component id="oc-6c">
         <name>.debug_info</name>
         <load_address>0xb687</load_address>
         <run_address>0xb687</run_address>
         <size>0xa9e</size>
         <input_file_ref idref="fl-8"/>
      </object_component>
      <object_component id="oc-72">
         <name>.debug_info</name>
         <load_address>0xc125</load_address>
         <run_address>0xc125</run_address>
         <size>0x4ee5</size>
         <input_file_ref idref="fl-9"/>
      </object_component>
      <object_component id="oc-78">
         <name>.debug_info</name>
         <load_address>0x1100a</load_address>
         <run_address>0x1100a</run_address>
         <size>0x5ae5</size>
         <input_file_ref idref="fl-a"/>
      </object_component>
      <object_component id="oc-7d">
         <name>.debug_info</name>
         <load_address>0x16aef</load_address>
         <run_address>0x16aef</run_address>
         <size>0x2311</size>
         <input_file_ref idref="fl-b"/>
      </object_component>
      <object_component id="oc-82">
         <name>.debug_info</name>
         <load_address>0x18e00</load_address>
         <run_address>0x18e00</run_address>
         <size>0x1b06e</size>
         <input_file_ref idref="fl-c"/>
      </object_component>
      <object_component id="oc-bd">
         <name>.debug_info</name>
         <load_address>0x33e6e</load_address>
         <run_address>0x33e6e</run_address>
         <size>0x1864</size>
         <input_file_ref idref="fl-d"/>
      </object_component>
      <object_component id="oc-c2">
         <name>.debug_info</name>
         <load_address>0x356d2</load_address>
         <run_address>0x356d2</run_address>
         <size>0xc38</size>
         <input_file_ref idref="fl-e"/>
      </object_component>
      <object_component id="oc-c7">
         <name>.debug_info</name>
         <load_address>0x3630a</load_address>
         <run_address>0x3630a</run_address>
         <size>0x2501</size>
         <input_file_ref idref="fl-f"/>
      </object_component>
      <object_component id="oc-cc">
         <name>.debug_info</name>
         <load_address>0x3880b</load_address>
         <run_address>0x3880b</run_address>
         <size>0x19d3</size>
         <input_file_ref idref="fl-10"/>
      </object_component>
      <object_component id="oc-d1">
         <name>.debug_info</name>
         <load_address>0x3a1de</load_address>
         <run_address>0x3a1de</run_address>
         <size>0x19d3</size>
         <input_file_ref idref="fl-11"/>
      </object_component>
      <object_component id="oc-d6">
         <name>.debug_info</name>
         <load_address>0x3bbb1</load_address>
         <run_address>0x3bbb1</run_address>
         <size>0x28da</size>
         <input_file_ref idref="fl-12"/>
      </object_component>
      <object_component id="oc-dd">
         <name>.debug_info</name>
         <load_address>0x3e48b</load_address>
         <run_address>0x3e48b</run_address>
         <size>0x165</size>
         <input_file_ref idref="fl-13"/>
      </object_component>
      <object_component id="oc-e0">
         <name>.debug_info</name>
         <load_address>0x3e5f0</load_address>
         <run_address>0x3e5f0</run_address>
         <size>0x12e7</size>
         <input_file_ref idref="fl-14"/>
      </object_component>
      <object_component id="oc-e8">
         <name>.debug_info</name>
         <load_address>0x3f8d7</load_address>
         <run_address>0x3f8d7</run_address>
         <size>0x4b77</size>
         <input_file_ref idref="fl-15"/>
      </object_component>
      <object_component id="oc-f0">
         <name>.debug_info</name>
         <load_address>0x4444e</load_address>
         <run_address>0x4444e</run_address>
         <size>0x1063f</size>
         <input_file_ref idref="fl-16"/>
      </object_component>
      <object_component id="oc-fa">
         <name>.debug_info</name>
         <load_address>0x54a8d</load_address>
         <run_address>0x54a8d</run_address>
         <size>0xab42</size>
         <input_file_ref idref="fl-17"/>
      </object_component>
      <object_component id="oc-103">
         <name>.debug_info</name>
         <load_address>0x5f5cf</load_address>
         <run_address>0x5f5cf</run_address>
         <size>0x175</size>
         <input_file_ref idref="fl-29"/>
      </object_component>
      <object_component id="oc-107">
         <name>.debug_info</name>
         <load_address>0x5f744</load_address>
         <run_address>0x5f744</run_address>
         <size>0x141</size>
         <input_file_ref idref="fl-2a"/>
      </object_component>
      <object_component id="oc-10e">
         <name>.debug_info</name>
         <load_address>0x5f885</load_address>
         <run_address>0x5f885</run_address>
         <size>0x173</size>
         <input_file_ref idref="fl-2b"/>
      </object_component>
      <object_component id="oc-112">
         <name>.debug_info</name>
         <load_address>0x5f9f8</load_address>
         <run_address>0x5f9f8</run_address>
         <size>0x467</size>
         <input_file_ref idref="fl-2c"/>
      </object_component>
      <object_component id="oc-117">
         <name>.debug_info</name>
         <load_address>0x5fe5f</load_address>
         <run_address>0x5fe5f</run_address>
         <size>0x3aa</size>
         <input_file_ref idref="fl-2d"/>
      </object_component>
      <object_component id="oc-11c">
         <name>.debug_info</name>
         <load_address>0x60209</load_address>
         <run_address>0x60209</run_address>
         <size>0x3ad</size>
         <input_file_ref idref="fl-2e"/>
      </object_component>
      <object_component id="oc-121">
         <name>.debug_info</name>
         <load_address>0x605b6</load_address>
         <run_address>0x605b6</run_address>
         <size>0x561</size>
         <input_file_ref idref="fl-2f"/>
      </object_component>
      <object_component id="oc-126">
         <name>.debug_info</name>
         <load_address>0x60b17</load_address>
         <run_address>0x60b17</run_address>
         <size>0x544</size>
         <input_file_ref idref="fl-30"/>
      </object_component>
      <object_component id="oc-12d">
         <name>.debug_info</name>
         <load_address>0x6105b</load_address>
         <run_address>0x6105b</run_address>
         <size>0x4cc</size>
         <input_file_ref idref="fl-31"/>
      </object_component>
      <object_component id="oc-132">
         <name>.debug_info</name>
         <load_address>0x61527</load_address>
         <run_address>0x61527</run_address>
         <size>0x43a</size>
         <input_file_ref idref="fl-32"/>
      </object_component>
      <object_component id="oc-137">
         <name>.debug_info</name>
         <load_address>0x61961</load_address>
         <run_address>0x61961</run_address>
         <size>0x388</size>
         <input_file_ref idref="fl-33"/>
      </object_component>
      <object_component id="oc-13c">
         <name>.debug_info</name>
         <load_address>0x61ce9</load_address>
         <run_address>0x61ce9</run_address>
         <size>0x1c8</size>
         <input_file_ref idref="fl-34"/>
      </object_component>
      <object_component id="oc-1bf">
         <name>.debug_info</name>
         <load_address>0x61eb1</load_address>
         <run_address>0x61eb1</run_address>
         <size>0xa9</size>
      </object_component>
      <object_component id="oc-59">
         <name>.debug_frame</name>
         <load_address>0x0</load_address>
         <run_address>0x0</run_address>
         <size>0x28</size>
         <input_file_ref idref="fl-4"/>
      </object_component>
      <object_component id="oc-5e">
         <name>.debug_frame</name>
         <load_address>0x28</load_address>
         <run_address>0x28</run_address>
         <size>0x28</size>
         <input_file_ref idref="fl-5"/>
      </object_component>
      <object_component id="oc-63">
         <name>.debug_frame</name>
         <load_address>0x50</load_address>
         <run_address>0x50</run_address>
         <size>0xb0</size>
         <input_file_ref idref="fl-6"/>
      </object_component>
      <object_component id="oc-6e">
         <name>.debug_frame</name>
         <load_address>0x100</load_address>
         <run_address>0x100</run_address>
         <size>0x5c</size>
         <input_file_ref idref="fl-8"/>
      </object_component>
      <object_component id="oc-74">
         <name>.debug_frame</name>
         <load_address>0x15c</load_address>
         <run_address>0x15c</run_address>
         <size>0xbb0</size>
         <input_file_ref idref="fl-9"/>
      </object_component>
      <object_component id="oc-79">
         <name>.debug_frame</name>
         <load_address>0xd0c</load_address>
         <run_address>0xd0c</run_address>
         <size>0x8c</size>
         <input_file_ref idref="fl-a"/>
      </object_component>
      <object_component id="oc-7e">
         <name>.debug_frame</name>
         <load_address>0xd98</load_address>
         <run_address>0xd98</run_address>
         <size>0x148</size>
         <input_file_ref idref="fl-b"/>
      </object_component>
      <object_component id="oc-be">
         <name>.debug_frame</name>
         <load_address>0xee0</load_address>
         <run_address>0xee0</run_address>
         <size>0x28</size>
         <input_file_ref idref="fl-d"/>
      </object_component>
      <object_component id="oc-c3">
         <name>.debug_frame</name>
         <load_address>0xf08</load_address>
         <run_address>0xf08</run_address>
         <size>0x58</size>
         <input_file_ref idref="fl-e"/>
      </object_component>
      <object_component id="oc-c8">
         <name>.debug_frame</name>
         <load_address>0xf60</load_address>
         <run_address>0xf60</run_address>
         <size>0x44</size>
         <input_file_ref idref="fl-f"/>
      </object_component>
      <object_component id="oc-cd">
         <name>.debug_frame</name>
         <load_address>0xfa4</load_address>
         <run_address>0xfa4</run_address>
         <size>0x88</size>
         <input_file_ref idref="fl-10"/>
      </object_component>
      <object_component id="oc-d2">
         <name>.debug_frame</name>
         <load_address>0x102c</load_address>
         <run_address>0x102c</run_address>
         <size>0x88</size>
         <input_file_ref idref="fl-11"/>
      </object_component>
      <object_component id="oc-d7">
         <name>.debug_frame</name>
         <load_address>0x10b4</load_address>
         <run_address>0x10b4</run_address>
         <size>0x154</size>
         <input_file_ref idref="fl-12"/>
      </object_component>
      <object_component id="oc-e4">
         <name>.debug_frame</name>
         <load_address>0x1208</load_address>
         <run_address>0x1208</run_address>
         <size>0x28</size>
         <input_file_ref idref="fl-14"/>
      </object_component>
      <object_component id="oc-ec">
         <name>.debug_frame</name>
         <load_address>0x1230</load_address>
         <run_address>0x1230</run_address>
         <size>0x594</size>
         <input_file_ref idref="fl-15"/>
      </object_component>
      <object_component id="oc-f6">
         <name>.debug_frame</name>
         <load_address>0x17c4</load_address>
         <run_address>0x17c4</run_address>
         <size>0x2f4</size>
         <input_file_ref idref="fl-16"/>
      </object_component>
      <object_component id="oc-fd">
         <name>.debug_frame</name>
         <load_address>0x1ab8</load_address>
         <run_address>0x1ab8</run_address>
         <size>0x118</size>
         <input_file_ref idref="fl-17"/>
      </object_component>
      <object_component id="oc-113">
         <name>.debug_frame</name>
         <load_address>0x1bd0</load_address>
         <run_address>0x1bd0</run_address>
         <size>0x40</size>
         <input_file_ref idref="fl-2c"/>
      </object_component>
      <object_component id="oc-118">
         <name>.debug_frame</name>
         <load_address>0x1c10</load_address>
         <run_address>0x1c10</run_address>
         <size>0x40</size>
         <input_file_ref idref="fl-2d"/>
      </object_component>
      <object_component id="oc-11d">
         <name>.debug_frame</name>
         <load_address>0x1c50</load_address>
         <run_address>0x1c50</run_address>
         <size>0x40</size>
         <input_file_ref idref="fl-2e"/>
      </object_component>
      <object_component id="oc-122">
         <name>.debug_frame</name>
         <load_address>0x1c90</load_address>
         <run_address>0x1c90</run_address>
         <size>0x60</size>
         <input_file_ref idref="fl-2f"/>
      </object_component>
      <object_component id="oc-129">
         <name>.debug_frame</name>
         <load_address>0x1cf0</load_address>
         <run_address>0x1cf0</run_address>
         <size>0x60</size>
         <input_file_ref idref="fl-30"/>
      </object_component>
      <object_component id="oc-12e">
         <name>.debug_frame</name>
         <load_address>0x1d50</load_address>
         <run_address>0x1d50</run_address>
         <size>0x70</size>
         <input_file_ref idref="fl-31"/>
      </object_component>
      <object_component id="oc-133">
         <name>.debug_frame</name>
         <load_address>0x1dc0</load_address>
         <run_address>0x1dc0</run_address>
         <size>0x40</size>
         <input_file_ref idref="fl-32"/>
      </object_component>
      <object_component id="oc-138">
         <name>.debug_frame</name>
         <load_address>0x1e00</load_address>
         <run_address>0x1e00</run_address>
         <size>0x28</size>
         <input_file_ref idref="fl-33"/>
      </object_component>
      <object_component id="oc-5a">
         <name>.debug_line</name>
         <load_address>0x0</load_address>
         <run_address>0x0</run_address>
         <size>0x2c</size>
         <input_file_ref idref="fl-4"/>
      </object_component>
      <object_component id="oc-5f">
         <name>.debug_line</name>
         <load_address>0x2c</load_address>
         <run_address>0x2c</run_address>
         <size>0x30</size>
         <input_file_ref idref="fl-5"/>
      </object_component>
      <object_component id="oc-64">
         <name>.debug_line</name>
         <load_address>0x5c</load_address>
         <run_address>0x5c</run_address>
         <size>0x1a7</size>
         <input_file_ref idref="fl-6"/>
      </object_component>
      <object_component id="oc-68">
         <name>.debug_line</name>
         <load_address>0x203</load_address>
         <run_address>0x203</run_address>
         <size>0xa1</size>
         <input_file_ref idref="fl-7"/>
      </object_component>
      <object_component id="oc-6f">
         <name>.debug_line</name>
         <load_address>0x2a4</load_address>
         <run_address>0x2a4</run_address>
         <size>0xcb</size>
         <input_file_ref idref="fl-8"/>
      </object_component>
      <object_component id="oc-75">
         <name>.debug_line</name>
         <load_address>0x36f</load_address>
         <run_address>0x36f</run_address>
         <size>0x8b4</size>
         <input_file_ref idref="fl-9"/>
      </object_component>
      <object_component id="oc-7a">
         <name>.debug_line</name>
         <load_address>0xc23</load_address>
         <run_address>0xc23</run_address>
         <size>0x118</size>
         <input_file_ref idref="fl-a"/>
      </object_component>
      <object_component id="oc-7f">
         <name>.debug_line</name>
         <load_address>0xd3b</load_address>
         <run_address>0xd3b</run_address>
         <size>0x1d2</size>
         <input_file_ref idref="fl-b"/>
      </object_component>
      <object_component id="oc-bf">
         <name>.debug_line</name>
         <load_address>0xf0d</load_address>
         <run_address>0xf0d</run_address>
         <size>0x31</size>
         <input_file_ref idref="fl-d"/>
      </object_component>
      <object_component id="oc-c4">
         <name>.debug_line</name>
         <load_address>0xf3e</load_address>
         <run_address>0xf3e</run_address>
         <size>0xc2</size>
         <input_file_ref idref="fl-e"/>
      </object_component>
      <object_component id="oc-c9">
         <name>.debug_line</name>
         <load_address>0x1000</load_address>
         <run_address>0x1000</run_address>
         <size>0xa4</size>
         <input_file_ref idref="fl-f"/>
      </object_component>
      <object_component id="oc-ce">
         <name>.debug_line</name>
         <load_address>0x10a4</load_address>
         <run_address>0x10a4</run_address>
         <size>0x9f</size>
         <input_file_ref idref="fl-10"/>
      </object_component>
      <object_component id="oc-d3">
         <name>.debug_line</name>
         <load_address>0x1143</load_address>
         <run_address>0x1143</run_address>
         <size>0xb4</size>
         <input_file_ref idref="fl-11"/>
      </object_component>
      <object_component id="oc-d8">
         <name>.debug_line</name>
         <load_address>0x11f7</load_address>
         <run_address>0x11f7</run_address>
         <size>0x221</size>
         <input_file_ref idref="fl-12"/>
      </object_component>
      <object_component id="oc-dc">
         <name>.debug_line</name>
         <load_address>0x1418</load_address>
         <run_address>0x1418</run_address>
         <size>0x85</size>
         <input_file_ref idref="fl-13"/>
      </object_component>
      <object_component id="oc-e5">
         <name>.debug_line</name>
         <load_address>0x149d</load_address>
         <run_address>0x149d</run_address>
         <size>0x2e</size>
         <input_file_ref idref="fl-14"/>
      </object_component>
      <object_component id="oc-ed">
         <name>.debug_line</name>
         <load_address>0x14cb</load_address>
         <run_address>0x14cb</run_address>
         <size>0x8cd</size>
         <input_file_ref idref="fl-15"/>
      </object_component>
      <object_component id="oc-f7">
         <name>.debug_line</name>
         <load_address>0x1d98</load_address>
         <run_address>0x1d98</run_address>
         <size>0x5c0</size>
         <input_file_ref idref="fl-16"/>
      </object_component>
      <object_component id="oc-fe">
         <name>.debug_line</name>
         <load_address>0x2358</load_address>
         <run_address>0x2358</run_address>
         <size>0x204</size>
         <input_file_ref idref="fl-17"/>
      </object_component>
      <object_component id="oc-102">
         <name>.debug_line</name>
         <load_address>0x255c</load_address>
         <run_address>0x255c</run_address>
         <size>0x8e</size>
         <input_file_ref idref="fl-29"/>
      </object_component>
      <object_component id="oc-108">
         <name>.debug_line</name>
         <load_address>0x25ea</load_address>
         <run_address>0x25ea</run_address>
         <size>0x52</size>
         <input_file_ref idref="fl-2a"/>
      </object_component>
      <object_component id="oc-10f">
         <name>.debug_line</name>
         <load_address>0x263c</load_address>
         <run_address>0x263c</run_address>
         <size>0x7e</size>
         <input_file_ref idref="fl-2b"/>
      </object_component>
      <object_component id="oc-114">
         <name>.debug_line</name>
         <load_address>0x26ba</load_address>
         <run_address>0x26ba</run_address>
         <size>0x4f</size>
         <input_file_ref idref="fl-2c"/>
      </object_component>
      <object_component id="oc-119">
         <name>.debug_line</name>
         <load_address>0x2709</load_address>
         <run_address>0x2709</run_address>
         <size>0x3a</size>
         <input_file_ref idref="fl-2d"/>
      </object_component>
      <object_component id="oc-11e">
         <name>.debug_line</name>
         <load_address>0x2743</load_address>
         <run_address>0x2743</run_address>
         <size>0x3e</size>
         <input_file_ref idref="fl-2e"/>
      </object_component>
      <object_component id="oc-123">
         <name>.debug_line</name>
         <load_address>0x2781</load_address>
         <run_address>0x2781</run_address>
         <size>0x50</size>
         <input_file_ref idref="fl-2f"/>
      </object_component>
      <object_component id="oc-12a">
         <name>.debug_line</name>
         <load_address>0x27d1</load_address>
         <run_address>0x27d1</run_address>
         <size>0x65</size>
         <input_file_ref idref="fl-30"/>
      </object_component>
      <object_component id="oc-12f">
         <name>.debug_line</name>
         <load_address>0x2836</load_address>
         <run_address>0x2836</run_address>
         <size>0x5e</size>
         <input_file_ref idref="fl-31"/>
      </object_component>
      <object_component id="oc-134">
         <name>.debug_line</name>
         <load_address>0x2894</load_address>
         <run_address>0x2894</run_address>
         <size>0x62</size>
         <input_file_ref idref="fl-32"/>
      </object_component>
      <object_component id="oc-139">
         <name>.debug_line</name>
         <load_address>0x28f6</load_address>
         <run_address>0x28f6</run_address>
         <size>0x2a</size>
         <input_file_ref idref="fl-33"/>
      </object_component>
      <object_component id="oc-5b">
         <name>.debug_abbrev</name>
         <load_address>0x0</load_address>
         <run_address>0x0</run_address>
         <size>0x1df</size>
         <input_file_ref idref="fl-4"/>
      </object_component>
      <object_component id="oc-60">
         <name>.debug_abbrev</name>
         <load_address>0x1df</load_address>
         <run_address>0x1df</run_address>
         <size>0x140</size>
         <input_file_ref idref="fl-5"/>
      </object_component>
      <object_component id="oc-65">
         <name>.debug_abbrev</name>
         <load_address>0x31f</load_address>
         <run_address>0x31f</run_address>
         <size>0x155</size>
         <input_file_ref idref="fl-6"/>
      </object_component>
      <object_component id="oc-6a">
         <name>.debug_abbrev</name>
         <load_address>0x474</load_address>
         <run_address>0x474</run_address>
         <size>0x21</size>
         <input_file_ref idref="fl-7"/>
      </object_component>
      <object_component id="oc-70">
         <name>.debug_abbrev</name>
         <load_address>0x495</load_address>
         <run_address>0x495</run_address>
         <size>0xfd</size>
         <input_file_ref idref="fl-8"/>
      </object_component>
      <object_component id="oc-76">
         <name>.debug_abbrev</name>
         <load_address>0x592</load_address>
         <run_address>0x592</run_address>
         <size>0xde</size>
         <input_file_ref idref="fl-9"/>
      </object_component>
      <object_component id="oc-7b">
         <name>.debug_abbrev</name>
         <load_address>0x670</load_address>
         <run_address>0x670</run_address>
         <size>0x101</size>
         <input_file_ref idref="fl-a"/>
      </object_component>
      <object_component id="oc-80">
         <name>.debug_abbrev</name>
         <load_address>0x771</load_address>
         <run_address>0x771</run_address>
         <size>0x138</size>
         <input_file_ref idref="fl-b"/>
      </object_component>
      <object_component id="oc-bc">
         <name>.debug_abbrev</name>
         <load_address>0x8a9</load_address>
         <run_address>0x8a9</run_address>
         <size>0xc4</size>
         <input_file_ref idref="fl-c"/>
      </object_component>
      <object_component id="oc-c0">
         <name>.debug_abbrev</name>
         <load_address>0x96d</load_address>
         <run_address>0x96d</run_address>
         <size>0xdc</size>
         <input_file_ref idref="fl-d"/>
      </object_component>
      <object_component id="oc-c5">
         <name>.debug_abbrev</name>
         <load_address>0xa49</load_address>
         <run_address>0xa49</run_address>
         <size>0xc8</size>
         <input_file_ref idref="fl-e"/>
      </object_component>
      <object_component id="oc-ca">
         <name>.debug_abbrev</name>
         <load_address>0xb11</load_address>
         <run_address>0xb11</run_address>
         <size>0x116</size>
         <input_file_ref idref="fl-f"/>
      </object_component>
      <object_component id="oc-cf">
         <name>.debug_abbrev</name>
         <load_address>0xc27</load_address>
         <run_address>0xc27</run_address>
         <size>0xea</size>
         <input_file_ref idref="fl-10"/>
      </object_component>
      <object_component id="oc-d4">
         <name>.debug_abbrev</name>
         <load_address>0xd11</load_address>
         <run_address>0xd11</run_address>
         <size>0xea</size>
         <input_file_ref idref="fl-11"/>
      </object_component>
      <object_component id="oc-d9">
         <name>.debug_abbrev</name>
         <load_address>0xdfb</load_address>
         <run_address>0xdfb</run_address>
         <size>0x1a3</size>
         <input_file_ref idref="fl-12"/>
      </object_component>
      <object_component id="oc-de">
         <name>.debug_abbrev</name>
         <load_address>0xf9e</load_address>
         <run_address>0xf9e</run_address>
         <size>0x2f</size>
         <input_file_ref idref="fl-13"/>
      </object_component>
      <object_component id="oc-e6">
         <name>.debug_abbrev</name>
         <load_address>0xfcd</load_address>
         <run_address>0xfcd</run_address>
         <size>0x191</size>
         <input_file_ref idref="fl-14"/>
      </object_component>
      <object_component id="oc-ee">
         <name>.debug_abbrev</name>
         <load_address>0x115e</load_address>
         <run_address>0x115e</run_address>
         <size>0x1f0</size>
         <input_file_ref idref="fl-15"/>
      </object_component>
      <object_component id="oc-f8">
         <name>.debug_abbrev</name>
         <load_address>0x134e</load_address>
         <run_address>0x134e</run_address>
         <size>0x1f4</size>
         <input_file_ref idref="fl-16"/>
      </object_component>
      <object_component id="oc-ff">
         <name>.debug_abbrev</name>
         <load_address>0x1542</load_address>
         <run_address>0x1542</run_address>
         <size>0x11e</size>
         <input_file_ref idref="fl-17"/>
      </object_component>
      <object_component id="oc-104">
         <name>.debug_abbrev</name>
         <load_address>0x1660</load_address>
         <run_address>0x1660</run_address>
         <size>0x2f</size>
         <input_file_ref idref="fl-29"/>
      </object_component>
      <object_component id="oc-109">
         <name>.debug_abbrev</name>
         <load_address>0x168f</load_address>
         <run_address>0x168f</run_address>
         <size>0x38</size>
         <input_file_ref idref="fl-2a"/>
      </object_component>
      <object_component id="oc-110">
         <name>.debug_abbrev</name>
         <load_address>0x16c7</load_address>
         <run_address>0x16c7</run_address>
         <size>0x46</size>
         <input_file_ref idref="fl-2b"/>
      </object_component>
      <object_component id="oc-115">
         <name>.debug_abbrev</name>
         <load_address>0x170d</load_address>
         <run_address>0x170d</run_address>
         <size>0xee</size>
         <input_file_ref idref="fl-2c"/>
      </object_component>
      <object_component id="oc-11a">
         <name>.debug_abbrev</name>
         <load_address>0x17fb</load_address>
         <run_address>0x17fb</run_address>
         <size>0x66</size>
         <input_file_ref idref="fl-2d"/>
      </object_component>
      <object_component id="oc-11f">
         <name>.debug_abbrev</name>
         <load_address>0x1861</load_address>
         <run_address>0x1861</run_address>
         <size>0x68</size>
         <input_file_ref idref="fl-2e"/>
      </object_component>
      <object_component id="oc-124">
         <name>.debug_abbrev</name>
         <load_address>0x18c9</load_address>
         <run_address>0x18c9</run_address>
         <size>0xe3</size>
         <input_file_ref idref="fl-2f"/>
      </object_component>
      <object_component id="oc-12b">
         <name>.debug_abbrev</name>
         <load_address>0x19ac</load_address>
         <run_address>0x19ac</run_address>
         <size>0x130</size>
         <input_file_ref idref="fl-30"/>
      </object_component>
      <object_component id="oc-130">
         <name>.debug_abbrev</name>
         <load_address>0x1adc</load_address>
         <run_address>0x1adc</run_address>
         <size>0xb2</size>
         <input_file_ref idref="fl-31"/>
      </object_component>
      <object_component id="oc-135">
         <name>.debug_abbrev</name>
         <load_address>0x1b8e</load_address>
         <run_address>0x1b8e</run_address>
         <size>0xa8</size>
         <input_file_ref idref="fl-32"/>
      </object_component>
      <object_component id="oc-13a">
         <name>.debug_abbrev</name>
         <load_address>0x1c36</load_address>
         <run_address>0x1c36</run_address>
         <size>0xb8</size>
         <input_file_ref idref="fl-33"/>
      </object_component>
      <object_component id="oc-13d">
         <name>.debug_abbrev</name>
         <load_address>0x1cee</load_address>
         <run_address>0x1cee</run_address>
         <size>0x57</size>
         <input_file_ref idref="fl-34"/>
      </object_component>
      <object_component id="oc-1c0">
         <name>.debug_abbrev</name>
         <load_address>0x1d45</load_address>
         <run_address>0x1d45</run_address>
         <size>0xf</size>
      </object_component>
      <object_component id="oc-5c">
         <name>.debug_aranges</name>
         <load_address>0x0</load_address>
         <run_address>0x0</run_address>
         <size>0x18</size>
         <input_file_ref idref="fl-4"/>
      </object_component>
      <object_component id="oc-61">
         <name>.debug_aranges</name>
         <load_address>0x18</load_address>
         <run_address>0x18</run_address>
         <size>0x18</size>
         <input_file_ref idref="fl-5"/>
      </object_component>
      <object_component id="oc-66">
         <name>.debug_aranges</name>
         <load_address>0x30</load_address>
         <run_address>0x30</run_address>
         <size>0x40</size>
         <input_file_ref idref="fl-6"/>
      </object_component>
      <object_component id="oc-6b">
         <name>.debug_aranges</name>
         <load_address>0x70</load_address>
         <run_address>0x70</run_address>
         <size>0x28</size>
         <input_file_ref idref="fl-7"/>
      </object_component>
      <object_component id="oc-71">
         <name>.debug_aranges</name>
         <load_address>0x98</load_address>
         <run_address>0x98</run_address>
         <size>0x28</size>
         <input_file_ref idref="fl-8"/>
      </object_component>
      <object_component id="oc-77">
         <name>.debug_aranges</name>
         <load_address>0xc0</load_address>
         <run_address>0xc0</run_address>
         <size>0x2f8</size>
         <input_file_ref idref="fl-9"/>
      </object_component>
      <object_component id="oc-7c">
         <name>.debug_aranges</name>
         <load_address>0x3b8</load_address>
         <run_address>0x3b8</run_address>
         <size>0x38</size>
         <input_file_ref idref="fl-a"/>
      </object_component>
      <object_component id="oc-81">
         <name>.debug_aranges</name>
         <load_address>0x3f0</load_address>
         <run_address>0x3f0</run_address>
         <size>0x78</size>
         <input_file_ref idref="fl-b"/>
      </object_component>
      <object_component id="oc-c1">
         <name>.debug_aranges</name>
         <load_address>0x468</load_address>
         <run_address>0x468</run_address>
         <size>0x18</size>
         <input_file_ref idref="fl-d"/>
      </object_component>
      <object_component id="oc-c6">
         <name>.debug_aranges</name>
         <load_address>0x480</load_address>
         <run_address>0x480</run_address>
         <size>0x28</size>
         <input_file_ref idref="fl-e"/>
      </object_component>
      <object_component id="oc-cb">
         <name>.debug_aranges</name>
         <load_address>0x4a8</load_address>
         <run_address>0x4a8</run_address>
         <size>0x20</size>
         <input_file_ref idref="fl-f"/>
      </object_component>
      <object_component id="oc-d0">
         <name>.debug_aranges</name>
         <load_address>0x4c8</load_address>
         <run_address>0x4c8</run_address>
         <size>0x38</size>
         <input_file_ref idref="fl-10"/>
      </object_component>
      <object_component id="oc-d5">
         <name>.debug_aranges</name>
         <load_address>0x500</load_address>
         <run_address>0x500</run_address>
         <size>0x38</size>
         <input_file_ref idref="fl-11"/>
      </object_component>
      <object_component id="oc-da">
         <name>.debug_aranges</name>
         <load_address>0x538</load_address>
         <run_address>0x538</run_address>
         <size>0x78</size>
         <input_file_ref idref="fl-12"/>
      </object_component>
      <object_component id="oc-df">
         <name>.debug_aranges</name>
         <load_address>0x5b0</load_address>
         <run_address>0x5b0</run_address>
         <size>0x20</size>
         <input_file_ref idref="fl-13"/>
      </object_component>
      <object_component id="oc-e7">
         <name>.debug_aranges</name>
         <load_address>0x5d0</load_address>
         <run_address>0x5d0</run_address>
         <size>0x18</size>
         <input_file_ref idref="fl-14"/>
      </object_component>
      <object_component id="oc-ef">
         <name>.debug_aranges</name>
         <load_address>0x5e8</load_address>
         <run_address>0x5e8</run_address>
         <size>0x150</size>
         <input_file_ref idref="fl-15"/>
      </object_component>
      <object_component id="oc-f9">
         <name>.debug_aranges</name>
         <load_address>0x738</load_address>
         <run_address>0x738</run_address>
         <size>0xa8</size>
         <input_file_ref idref="fl-16"/>
      </object_component>
      <object_component id="oc-100">
         <name>.debug_aranges</name>
         <load_address>0x7e0</load_address>
         <run_address>0x7e0</run_address>
         <size>0x68</size>
         <input_file_ref idref="fl-17"/>
      </object_component>
      <object_component id="oc-105">
         <name>.debug_aranges</name>
         <load_address>0x848</load_address>
         <run_address>0x848</run_address>
         <size>0x20</size>
         <input_file_ref idref="fl-29"/>
      </object_component>
      <object_component id="oc-10a">
         <name>.debug_aranges</name>
         <load_address>0x868</load_address>
         <run_address>0x868</run_address>
         <size>0x28</size>
         <input_file_ref idref="fl-2a"/>
      </object_component>
      <object_component id="oc-111">
         <name>.debug_aranges</name>
         <load_address>0x890</load_address>
         <run_address>0x890</run_address>
         <size>0x20</size>
         <input_file_ref idref="fl-2b"/>
      </object_component>
      <object_component id="oc-116">
         <name>.debug_aranges</name>
         <load_address>0x8b0</load_address>
         <run_address>0x8b0</run_address>
         <size>0x20</size>
         <input_file_ref idref="fl-2c"/>
      </object_component>
      <object_component id="oc-11b">
         <name>.debug_aranges</name>
         <load_address>0x8d0</load_address>
         <run_address>0x8d0</run_address>
         <size>0x20</size>
         <input_file_ref idref="fl-2d"/>
      </object_component>
      <object_component id="oc-120">
         <name>.debug_aranges</name>
         <load_address>0x8f0</load_address>
         <run_address>0x8f0</run_address>
         <size>0x20</size>
         <input_file_ref idref="fl-2e"/>
      </object_component>
      <object_component id="oc-125">
         <name>.debug_aranges</name>
         <load_address>0x910</load_address>
         <run_address>0x910</run_address>
         <size>0x20</size>
         <input_file_ref idref="fl-2f"/>
      </object_component>
      <object_component id="oc-12c">
         <name>.debug_aranges</name>
         <load_address>0x930</load_address>
         <run_address>0x930</run_address>
         <size>0x28</size>
         <input_file_ref idref="fl-30"/>
      </object_component>
      <object_component id="oc-131">
         <name>.debug_aranges</name>
         <load_address>0x958</load_address>
         <run_address>0x958</run_address>
         <size>0x30</size>
         <input_file_ref idref="fl-31"/>
      </object_component>
      <object_component id="oc-136">
         <name>.debug_aranges</name>
         <load_address>0x988</load_address>
         <run_address>0x988</run_address>
         <size>0x20</size>
         <input_file_ref idref="fl-32"/>
      </object_component>
      <object_component id="oc-13b">
         <name>.debug_aranges</name>
         <load_address>0x9a8</load_address>
         <run_address>0x9a8</run_address>
         <size>0x18</size>
         <input_file_ref idref="fl-33"/>
      </object_component>
   </object_component_list>
   <logical_group_list>
      <logical_group id="lg-2" display="no" color="cyan">
         <name>.cinit</name>
         <load_address>0x3f590f</load_address>
         <run_address>0x3f590f</run_address>
         <size>0x2c0</size>
         <contents>
            <object_component_ref idref="oc-f1"/>
            <object_component_ref idref="oc-e1"/>
            <object_component_ref idref="oc-e9"/>
            <object_component_ref idref="oc-155"/>
            <object_component_ref idref="oc-127"/>
            <object_component_ref idref="oc-140"/>
            <object_component_ref idref="oc-159"/>
            <object_component_ref idref="oc-15f"/>
            <object_component_ref idref="oc-fb"/>
         </contents>
      </logical_group>
      <logical_group id="lg-3" display="no" color="cyan">
         <name>.pinit</name>
         <run_address>0x0</run_address>
         <size>0x0</size>
         <contents>
         </contents>
      </logical_group>
      <logical_group id="lg-4" display="no" color="cyan">
         <name>.text</name>
         <load_address>0x3f4000</load_address>
         <run_address>0x3f4000</run_address>
         <size>0x190f</size>
         <contents>
            <object_component_ref idref="oc-154"/>
            <object_component_ref idref="oc-13e"/>
            <object_component_ref idref="oc-73"/>
            <object_component_ref idref="oc-148"/>
            <object_component_ref idref="oc-150"/>
            <object_component_ref idref="oc-146"/>
            <object_component_ref idref="oc-149"/>
            <object_component_ref idref="oc-eb"/>
            <object_component_ref idref="oc-14f"/>
            <object_component_ref idref="oc-151"/>
            <object_component_ref idref="oc-10b"/>
            <object_component_ref idref="oc-f4"/>
            <object_component_ref idref="oc-14a"/>
            <object_component_ref idref="oc-14d"/>
            <object_component_ref idref="oc-145"/>
            <object_component_ref idref="oc-14b"/>
            <object_component_ref idref="oc-14e"/>
            <object_component_ref idref="oc-142"/>
            <object_component_ref idref="oc-147"/>
            <object_component_ref idref="oc-101"/>
            <object_component_ref idref="oc-144"/>
            <object_component_ref idref="oc-106"/>
            <object_component_ref idref="oc-15e"/>
            <object_component_ref idref="oc-67"/>
            <object_component_ref idref="oc-141"/>
            <object_component_ref idref="oc-143"/>
         </contents>
      </logical_group>
      <logical_group id="lg-5" display="no" color="cyan">
         <name>codestart</name>
         <load_address>0x3f7ff6</load_address>
         <run_address>0x3f7ff6</run_address>
         <size>0x2</size>
         <contents>
            <object_component_ref idref="oc-56"/>
         </contents>
      </logical_group>
      <logical_group id="lg-6" display="no" color="cyan">
         <name>Cla1Prog</name>
         <run_address>0x9000</run_address>
         <size>0x0</size>
         <contents>
         </contents>
      </logical_group>
      <logical_group id="lg-7" display="no" color="cyan">
         <name>Cla1ToCpuMsgRAM</name>
         <run_address>0x0</run_address>
         <size>0x0</size>
         <contents>
         </contents>
      </logical_group>
      <logical_group id="lg-8" display="no" color="cyan">
         <name>CpuToCla1MsgRAM</name>
         <run_address>0x0</run_address>
         <size>0x0</size>
         <contents>
         </contents>
      </logical_group>
      <logical_group id="lg-9" display="no" color="cyan">
         <name>ramfuncs</name>
         <load_address>0x3e8000</load_address>
         <run_address>0x8000</run_address>
         <size>0x40f</size>
         <contents>
            <object_component_ref idref="oc-f3"/>
            <object_component_ref idref="oc-157"/>
            <object_component_ref idref="oc-14c"/>
            <object_component_ref idref="oc-db"/>
         </contents>
      </logical_group>
      <logical_group id="lg-a" display="no" color="cyan">
         <name>csmpasswds</name>
         <run_address>0x0</run_address>
         <size>0x0</size>
         <contents>
         </contents>
      </logical_group>
      <logical_group id="lg-b" display="no" color="cyan">
         <name>csm_rsvd</name>
         <run_address>0x0</run_address>
         <size>0x0</size>
         <contents>
         </contents>
      </logical_group>
      <logical_group id="lg-c" display="no" color="cyan">
         <name>.stack</name>
[...]
      <symbol id="sm-5e7">
         <name>_epwm3_isr</name>
         <value>0x8028</value>
         <object_component_ref idref="oc-f3"/>
      </symbol>
      <symbol id="sm-5e9">
         <name>_check_counter</name>
         <value>0xa313</value>
         <object_component_ref idref="oc-f2"/>
      </symbol>
      <symbol id="sm-5ea">
         <name>_Vo_ad</name>
         <value>0xa37a</value>
         <object_component_ref idref="oc-f2"/>
      </symbol>
      <symbol id="sm-5eb">
         <name>_msg</name>
         <value>0xa3a6</value>
         <object_component_ref idref="oc-f2"/>
      </symbol>
      <symbol id="sm-5ec">
         <name>_V_high_limit</name>
         <value>0xa2d3</value>
         <object_component_ref idref="oc-f2"/>
      </symbol>
      <symbol id="sm-5ed">
         <name>_Voh_KI_out</name>
         <value>0xa338</value>
         <object_component_ref idref="oc-f2"/>
      </symbol>
      <symbol id="sm-5ee">
         <name>_Vin_monitor</name>
         <value>0xa382</value>
         <object_component_ref idref="oc-f2"/>
      </symbol>
      <symbol id="sm-5ef">
         <name>_tx_count</name>
         <value>0xa2f6</value>
         <object_component_ref idref="oc-f2"/>
      </symbol>
      <symbol id="sm-5f0">
         <name>_Iout_monitor</name>
         <value>0xa386</value>
         <object_component_ref idref="oc-f2"/>
      </symbol>
      <symbol id="sm-5f1">
         <name>_uf_resistance</name>
         <value>0xa388</value>
         <object_component_ref idref="oc-f2"/>
      </symbol>
      <symbol id="sm-5f2">
         <name>_USART_send_period</name>
         <value>0xa3b4</value>
         <object_component_ref idref="oc-f2"/>
      </symbol>
      <symbol id="sm-5f3">
         <name>_V_low_limit</name>
         <value>0xa2d4</value>
         <object_component_ref idref="oc-f2"/>
      </symbol>
      <symbol id="sm-5f4">
         <name>_Vout_Reference</name>
         <value>0xa2d1</value>
         <object_component_ref idref="oc-f2"/>
      </symbol>
      <symbol id="sm-5f5">
         <name>__1second_flag</name>
         <value>0xa2fb</value>
         <object_component_ref idref="oc-f2"/>
      </symbol>
      <symbol id="sm-5f6">
         <name>_I_com_set</name>
         <value>0xa318</value>
         <object_component_ref idref="oc-f2"/>
      </symbol>
      <symbol id="sm-5f7">
         <name>_fan_pwm_out_trip</name>
         <value>0xa2da</value>
         <object_component_ref idref="oc-f2"/>
      </symbol>
      <symbol id="sm-5f8">
         <name>_Voh_KP_out</name>
         <value>0xa350</value>
         <object_component_ref idref="oc-f2"/>
      </symbol>
      <symbol id="sm-5f9">
         <name>_Vo_m</name>
         <value>0xa2c7</value>
         <object_component_ref idref="oc-f2"/>
      </symbol>
      <symbol id="sm-5fa">
         <name>_Voh_com</name>
         <value>0xa330</value>
         <object_component_ref idref="oc-f2"/>
      </symbol>
      <symbol id="sm-5fb">
         <name>_I_com_1</name>
         <value>0xa3ca</value>
         <object_component_ref idref="oc-f2"/>
      </symbol>
      <symbol id="sm-5fc">
         <name>_modbus_parse</name>
         <value>0x82e4</value>
         <object_component_ref idref="oc-157"/>
      </symbol>
      <symbol id="sm-5fe">
         <name>_Current_Average</name>
         <value>0xa2cc</value>
         <object_component_ref idref="oc-f2"/>
      </symbol>
      <symbol id="sm-5ff">
         <name>_Temp_ad</name>
         <value>0xa378</value>
         <object_component_ref idref="oc-f2"/>
      </symbol>
      <symbol id="sm-600">
         <name>_test_dac</name>
         <value>0xa2ef</value>
         <object_component_ref idref="oc-f2"/>
      </symbol>
      <symbol id="sm-601">
         <name>_test_out_A</name>
         <value>0xa304</value>
         <object_component_ref idref="oc-f2"/>
      </symbol>
      <symbol id="sm-602">
         <name>_led2_on</name>
         <value>0xa311</value>
         <object_component_ref idref="oc-f2"/>
      </symbol>
      <symbol id="sm-603">
         <name>_temperature2</name>
         <value>0xa2d7</value>
         <object_component_ref idref="oc-f2"/>
      </symbol>
      <symbol id="sm-604">
         <name>_temperature3</name>
         <value>0xa2d8</value>
         <object_component_ref idref="oc-f2"/>
      </symbol>
      <symbol id="sm-605">
         <name>_temperature1</name>
         <value>0xa2d6</value>
         <object_component_ref idref="oc-f2"/>
      </symbol>
      <symbol id="sm-606">
         <name>_In_Temp</name>
         <value>0xa33c</value>
         <object_component_ref idref="oc-f2"/>
      </symbol>
      <symbol id="sm-607">
         <name>_UI_Iout_command</name>
         <value>0xa39e</value>
         <object_component_ref idref="oc-f2"/>
      </symbol>
      <symbol id="sm-608">
         <name>_Calculating_voltage_average_and_monitoring_average</name>
         <value>0x3f4a5d</value>
         <object_component_ref idref="oc-13e"/>
      </symbol>
      <symbol id="sm-60a">
         <name>_epwm1_isr</name>
         <value>0x3f5785</value>
         <object_component_ref idref="oc-f4"/>
      </symbol>
      <symbol id="sm-60c">
         <name>_ulCanTRS_Prev</name>
         <value>0xa3bc</value>
         <object_component_ref idref="oc-f2"/>
      </symbol>
      <symbol id="sm-60d">
         <name>_spi_interrupt_cnt</name>
         <value>0xa30f</value>
         <object_component_ref idref="oc-f2"/>
      </symbol>
      <symbol id="sm-60e">
         <name>_test_en2</name>
         <value>0xa2f1</value>
         <object_component_ref idref="oc-f2"/>
      </symbol>
      <symbol id="sm-60f">
         <name>_dutyManualGUI</name>
         <value>0xa31a</value>
         <object_component_ref idref="oc-f2"/>
      </symbol>
      <symbol id="sm-610">
         <name>_fan_pwm_duty</name>
         <value>0xa368</value>
         <object_component_ref idref="oc-f2"/>
      </symbol>
      <symbol id="sm-611">
         <name>___100ms_flag</name>
         <value>0xa3ae</value>
         <object_component_ref idref="oc-f2"/>
      </symbol>
      <symbol id="sm-612">
         <name>_Iout_Reference</name>
         <value>0xa2d2</value>
         <object_component_ref idref="oc-f2"/>
      </symbol>
      <symbol id="sm-613">
         <name>_MonitoringCount</name>
         <value>0xa30b</value>
         <object_component_ref idref="oc-f2"/>
      </symbol>
      <symbol id="sm-614">
         <name>_rx_adc_data_buf_sum</name>
         <value>0xa3c0</value>
         <object_component_ref idref="oc-f2"/>
      </symbol>
      <symbol id="sm-615">
         <name>_Vout_monitor</name>
         <value>0xa384</value>
         <object_component_ref idref="oc-f2"/>
      </symbol>
      <symbol id="sm-616">
         <name>_Vol_err_PI_out</name>
         <value>0xa34c</value>
         <object_component_ref idref="oc-f2"/>
      </symbol>
      <symbol id="sm-617">
         <name>_type_size</name>
         <value>0xa2ea</value>
         <object_component_ref idref="oc-f2"/>
      </symbol>
      <symbol id="sm-618">
         <name>_test_val</name>
         <value>0xa3c8</value>
         <object_component_ref idref="oc-f2"/>
      </symbol>
      <symbol id="sm-619">
         <name>_detect_module_num</name>
         <value>0xa2ff</value>
         <object_component_ref idref="oc-f2"/>
      </symbol>
      <symbol id="sm-61a">
         <name>_KI_out_old</name>
         <value>0xa334</value>
         <object_component_ref idref="oc-f2"/>
      </symbol>
      <symbol id="sm-61b">
         <name>_count_num</name>
         <value>0xa2f7</value>
         <object_component_ref idref="oc-f2"/>
      </symbol>
      <symbol id="sm-61c">
         <name>_dab_ok</name>
         <value>0xa2e9</value>
         <object_component_ref idref="oc-f2"/>
      </symbol>
      <symbol id="sm-61d">
         <name>_Io_ad</name>
         <value>0xa2ce</value>
         <object_component_ref idref="oc-f2"/>
      </symbol>
      <symbol id="sm-61e">
         <name>_I_ss</name>
         <value>0xa32a</value>
         <object_component_ref idref="oc-f2"/>
      </symbol>
      <symbol id="sm-61f">
         <name>_rx_adc_data_buf_ave</name>
         <value>0xa3c2</value>
         <object_component_ref idref="oc-f2"/>
      </symbol>
      <symbol id="sm-620">
         <name>_Icom</name>
         <value>0xa31c</value>
         <object_component_ref idref="oc-f2"/>
      </symbol>
      <symbol id="sm-621">
         <name>_Icom_Neg</name>
         <value>0xa35a</value>
         <object_component_ref idref="oc-f2"/>
      </symbol>
      <symbol id="sm-622">
         <name>_slop</name>
         <value>0xa2fd</value>
         <object_component_ref idref="oc-f2"/>
      </symbol>
      <symbol id="sm-623">
         <name>_Iref_temp</name>
         <value>0xa2e3</value>
         <object_component_ref idref="oc-f2"/>
      </symbol>
      <symbol id="sm-624">
         <name>_dab_ok_fault</name>
         <value>0xa2e8</value>
         <object_component_ref idref="oc-f2"/>
      </symbol>
      <symbol id="sm-625">
         <name>_Icom_Pos</name>
         <value>0xa356</value>
         <object_component_ref idref="oc-f2"/>
      </symbol>
      <symbol id="sm-626">
         <name>_fADC_voltage</name>
         <value>0xa3a8</value>
         <object_component_ref idref="oc-f2"/>
      </symbol>
      <symbol id="sm-627">
         <name>_adc_ramp</name>
         <value>0xa3c6</value>
         <object_component_ref idref="oc-f2"/>
      </symbol>
      <symbol id="sm-628">
         <name>_switch_1_old_old</name>
         <value>0xa306</value>
         <object_component_ref idref="oc-f2"/>
      </symbol>
      <symbol id="sm-629">
         <name>_eChargeMode</name>
         <value>0xa2c0</value>
         <object_component_ref idref="oc-f2"/>
      </symbol>
      <symbol id="sm-62a">
         <name>_ulCanTRS</name>
         <value>0xa3ba</value>
         <object_component_ref idref="oc-f2"/>
      </symbol>
      <symbol id="sm-62b">
         <name>_LoopCount</name>
         <value>0xa2f9</value>
         <object_component_ref idref="oc-f2"/>
      </symbol>
      <symbol id="sm-62c">
         <name>_Run</name>
         <value>0xa2c5</value>
         <object_component_ref idref="oc-f2"/>
      </symbol>
      <symbol id="sm-62d">
         <name>_Io_sen</name>
         <value>0xa3a0</value>
         <object_component_ref idref="oc-f2"/>
      </symbol>
      <symbol id="sm-62e">
         <name>_epwm1_isr_cnt</name>
         <value>0xa310</value>
         <object_component_ref idref="oc-f2"/>
      </symbol>
      <symbol id="sm-62f">
         <name>_cpu_timer2_cnt</name>
         <value>0xa2ed</value>
         <object_component_ref idref="oc-f2"/>
      </symbol>
      <symbol id="sm-630">
         <name>_Vo_sen</name>
         <value>0xa3aa</value>
         <object_component_ref idref="oc-f2"/>
      </symbol>
      <symbol id="sm-631">
         <name>_Calculating_current_average_and_monitoring_average</name>
         <value>0x3f4a0f</value>
         <object_component_ref idref="oc-13e"/>
      </symbol>
      <symbol id="sm-633">
         <name>_I_ss_old</name>
         <value>0xa324</value>
         <object_component_ref idref="oc-f2"/>
      </symbol>
      <symbol id="sm-634">
         <name>_Test_Temp1</name>
         <value>0xa2d0</value>
         <object_component_ref idref="oc-f2"/>
      </symbol>
      <symbol id="sm-635">
         <name>_Test_Temp2</name>
         <value>0xa37c</value>
         <object_component_ref idref="oc-f2"/>
      </symbol>
      <symbol id="sm-636">
         <name>_Digital_Input</name>
         <value>0x3f49aa</value>
         <object_component_ref idref="oc-13e"/>
      </symbol>
      <symbol id="sm-638">
         <name>_dac_count</name>
         <value>0xa2c8</value>
         <object_component_ref idref="oc-f2"/>
      </symbol>
      <symbol id="sm-639">
         <name>_deg_sDacTmp</name>
         <value>0xa2c1</value>
         <object_component_ref idref="oc-f2"/>
      </symbol>
      <symbol id="sm-63a">
         <name>_scia_txFifo_isr</name>
         <value>0x829f</value>
         <object_component_ref idref="oc-f3"/>
      </symbol>
      <symbol id="sm-63c">
         <name>_DigitalIn_old_old</name>
         <value>0xa2e6</value>
         <object_component_ref idref="oc-f2"/>
      </symbol>
      <symbol id="sm-63d">
         <name>_Icom_Pos1</name>
         <value>0xa358</value>
         <object_component_ref idref="oc-f2"/>
      </symbol>
      <symbol id="sm-63e">
         <name>_Test_Temp</name>
         <value>0xa2cf</value>
         <object_component_ref idref="oc-f2"/>
      </symbol>
      <symbol id="sm-63f">
         <name>_fan_pwm_duty_temp</name>
         <value>0xa36a</value>
         <object_component_ref idref="oc-f2"/>
      </symbol>
      <symbol id="sm-640">
         <name>__100khz_count</name>
         <value>0xa3ac</value>
         <object_component_ref idref="oc-f2"/>
      </symbol>
      <symbol id="sm-641">
         <name>_Vo_Err</name>
         <value>0xa342</value>
         <object_component_ref idref="oc-f2"/>
      </symbol>
      <symbol id="sm-642">
         <name>_KI_out</name>
         <value>0xa336</value>
         <object_component_ref idref="oc-f2"/>
      </symbol>
      <symbol id="sm-643">
         <name>_send_start_flag</name>
         <value>0xa303</value>
         <object_component_ref idref="oc-f2"/>
      </symbol>
      <symbol id="sm-644">
         <name>_SendChar</name>
         <value>0xa2dc</value>
         <object_component_ref idref="oc-f2"/>
      </symbol>
      <symbol id="sm-645">
         <name>_cpu_timer1_cnt</name>
         <value>0xa2ec</value>
         <object_component_ref idref="oc-f2"/>
      </symbol>
      <symbol id="sm-646">
         <name>_test_en</name>
         <value>0xa2f0</value>
         <object_component_ref idref="oc-f2"/>
      </symbol>
      <symbol id="sm-647">
         <name>_Voh_Err</name>
         <value>0xa344</value>
         <object_component_ref idref="oc-f2"/>
      </symbol>
      <symbol id="sm-648">
         <name>_epwm3_isr_cnt</name>
         <value>0xa312</value>
         <object_component_ref idref="oc-f2"/>
      </symbol>
      <symbol id="sm-649">
         <name>_Vol_com</name>
         <value>0xa332</value>
         <object_component_ref idref="oc-f2"/>
      </symbol>
      <symbol id="sm-64a">
         <name>__0_1ms_count</name>
         <value>0xa2e2</value>
         <object_component_ref idref="oc-f2"/>
      </symbol>
      <symbol id="sm-64b">
         <name>_rx_adc_data_buf</name>
         <value>0xa3be</value>
         <object_component_ref idref="oc-f2"/>
      </symbol>
      <symbol id="sm-64c">
         <name>_dac_a_int</name>
         <value>0xa2cd</value>
         <object_component_ref idref="oc-f2"/>
      </symbol>
      <symbol id="sm-65c">
         <name>_spi_fifo_init</name>
         <value>0x3f4fea</value>
         <object_component_ref idref="oc-148"/>
      </symbol>
      <symbol id="sm-65e">
         <name>_Gpio_select</name>
         <value>0x3f4f7e</value>
         <object_component_ref idref="oc-148"/>
      </symbol>
      <symbol id="sm-660">
         <name>_InitEPwm2Example</name>
         <value>0x3f4ec9</value>
         <object_component_ref idref="oc-148"/>
      </symbol>
      <symbol id="sm-662">
         <name>_scia_init</name>
         <value>0x3f4ffb</value>
         <object_component_ref idref="oc-148"/>
      </symbol>
      <symbol id="sm-664">
         <name>_InitEPwm3Example</name>
         <value>0x3f4f16</value>
         <object_component_ref idref="oc-148"/>
      </symbol>
      <symbol id="sm-666">
         <name>_spi_init</name>
         <value>0x3f4fcf</value>
         <object_component_ref idref="oc-148"/>
      </symbol>
      <symbol id="sm-668">
         <name>_scia_fifo_init</name>
         <value>0x3f4ff2</value>
         <object_component_ref idref="oc-148"/>
      </symbol>
      <symbol id="sm-66a">
         <name>_eCana_config</name>
         <value>0x3f5015</value>
         <object_component_ref idref="oc-148"/>
      </symbol>
      <symbol id="sm-66c">
         <name>_sci_baud_capture</name>
         <value>0xa2bf</value>
         <object_component_ref idref="oc-fc"/>
      </symbol>
      <symbol id="sm-66d">
         <name>_AdcSetup</name>
         <value>0x3f4f44</value>
         <object_component_ref idref="oc-148"/>
      </symbol>
      <symbol id="sm-66f">
         <name>_InitEPwm1Example</name>
         <value>0x3f4e7c</value>
         <object_component_ref idref="oc-148"/>
      </symbol>
      <symbol id="sm-67c">
         <name>FS$$DIV</name>
         <value>0x3f58c5</value>
         <object_component_ref idref="oc-101"/>
      </symbol>
      <symbol id="sm-688">
         <name>U$$MOD</name>
         <value>0x3f58f5</value>
         <object_component_ref idref="oc-106"/>
      </symbol>
      <symbol id="sm-689">
         <name>U$$DIV</name>
         <value>0x3f58f0</value>
         <object_component_ref idref="oc-106"/>
      </symbol>
      <symbol id="sm-6a4">
         <name>_c_int00</name>
         <value>0x3f571b</value>
         <object_component_ref idref="oc-10b"/>
      </symbol>
      <symbol id="sm-6a5">
         <name>__stack</name>
         <value>0x50</value>
         <object_component_ref idref="oc-10c"/>
      </symbol>
      <symbol id="sm-6b4">
         <name>__args_main</name>
         <value>0x3f58de</value>
         <object_component_ref idref="oc-144"/>
      </symbol>
      <symbol id="sm-6c2">
         <name>__system_post_cinit</name>
         <value>0x3f590e</value>
         <object_component_ref idref="oc-143"/>
      </symbol>
      <symbol id="sm-6cf">
         <name>__system_pre_init</name>
         <value>0x3f590c</value>
         <object_component_ref idref="oc-141"/>
      </symbol>
      <symbol id="sm-6df">
         <name>_copy_in</name>
         <value>0x3f5884</value>
         <object_component_ref idref="oc-142"/>
      </symbol>
      <symbol id="sm-6f4">
         <name>C$$EXIT</name>
         <value>0x3f580d</value>
         <object_component_ref idref="oc-145"/>
      </symbol>
      <symbol id="sm-6f5">
         <name>_exit</name>
         <value>0x3f580f</value>
         <object_component_ref idref="oc-145"/>
      </symbol>
      <symbol id="sm-6f7">
         <name>___TI_cleanup_ptr</name>
         <value>0xa3f6</value>
         <object_component_ref idref="oc-128"/>
      </symbol>
      <symbol id="sm-6f8">
         <name>___TI_enable_exit_profile_output</name>
         <value>0xa3f4</value>
         <object_component_ref idref="oc-128"/>
      </symbol>
      <symbol id="sm-6f9">
         <name>_abort</name>
         <value>0x3f580d</value>
         <object_component_ref idref="oc-145"/>
      </symbol>
      <symbol id="sm-6fb">
         <name>___TI_dtors_ptr</name>
         <value>0xa3f8</value>
         <object_component_ref idref="oc-128"/>
      </symbol>
      <symbol id="sm-70f">
         <name>__unlock</name>
         <value>0xa574</value>
         <object_component_ref idref="oc-160"/>
      </symbol>
      <symbol id="sm-710">
         <name>__lock</name>
         <value>0xa3fe</value>
         <object_component_ref idref="oc-158"/>
      </symbol>
      <symbol id="sm-711">
         <name>__register_lock</name>
         <value>0x3f58ff</value>
         <object_component_ref idref="oc-15e"/>
      </symbol>
      <symbol id="sm-713">
         <name>__nop</name>
         <value>0x3f5903</value>
         <object_component_ref idref="oc-15e"/>
      </symbol>
      <symbol id="sm-715">
         <name>__register_unlock</name>
         <value>0x3f58fb</value>
         <object_component_ref idref="oc-15e"/>
      </symbol>
      <symbol id="sm-727">
         <name>_memcpy</name>
         <value>0x3f58a8</value>
         <object_component_ref idref="oc-147"/>
      </symbol>
   </symbol_table>
   <title>Link successful</title>
</link_info>
